Component: ARM Compiler 5.05 update 2 (build 169) Tool: armlink [4d0f33]

==============================================================================

Section Cross References

    main.o(.text) refers to stm32f0xx_rcc.o(.text) for RCC_DeInit
    main.o(.text) refers to stm32f0xx_flash.o(.text) for FLASH_PrefetchBufferCmd
    main.o(.text) refers to drv_system.o(.text) for systemInit
    main.o(.text) refers to drv_spi.o(.text) for spiInit
    main.o(.text) refers to ssd1306.o(.text) for ssd1306_init
    main.o(.text) refers to drv_can.o(.text) for can_bus_init
    main.o(.text) refers to lcd_display.o(.text) for LCD_Value_Display
    drv_system.o(.text) refers to stm32f0xx_rcc.o(.text) for RCC_GetClocksFreq
    drv_system.o(.text) refers to uidiv.o(.text) for __aeabi_uidivmod
    drv_system.o(.text) refers to memcpya.o(.text) for __aeabi_memcpy4
    drv_system.o(.text) refers to stm32f0xx_gpio.o(.text) for GPIO_Init
    drv_system.o(.text) refers to drv_system.o(.data) for .data
    drv_system.o(.text) refers to drv_system.o(.constdata) for .constdata
    drv_system.o(.text) refers to system_stm32f0xx.o(.data) for SystemCoreClock
    function.o(.text) refers to drv_system.o(.text) for micros
    function.o(.text) refers to uidiv.o(.text) for __aeabi_uidivmod
    function.o(.text) refers to ddiv.o(.text) for __aeabi_ddiv
    function.o(.text) refers to cdcmple.o(.text) for __aeabi_cdcmple
    function.o(.text) refers to dadd.o(.text) for __aeabi_dadd
    function.o(.text) refers to dfixi.o(.text) for __aeabi_d2iz
    function.o(.text) refers to strcat.o(.text) for strcat
    function.o(.text) refers to cdrcmple.o(.text) for __aeabi_cdrcmple
    function.o(.text) refers to dfltui.o(.text) for __aeabi_ui2d
    function.o(.text) refers to dflti.o(.text) for __aeabi_i2d
    function.o(.text) refers to dmul.o(.text) for __aeabi_dmul
    function.o(.text) refers to dfixui.o(.text) for __aeabi_d2uiz
    function.o(.text) refers to strlen.o(.text) for strlen
    function.o(.text) refers to strcpy.o(.text) for strcpy
    function.o(.text) refers to config.o(.bss) for sys
    function.o(.text) refers to function.o(.data) for .data
    drv_spi.o(.text) refers to stm32f0xx_rcc.o(.text) for RCC_APB2PeriphClockCmd
    drv_spi.o(.text) refers to stm32f0xx_gpio.o(.text) for GPIO_PinAFConfig
    drv_spi.o(.text) refers to stm32f0xx_spi.o(.text) for SPI_I2S_DeInit
    drv_spi.o(.text) refers to stm32f0xx_misc.o(.text) for NVIC_Init
    drv_spi.o(.text) refers to drv_spi.o(.data) for .data
    lcd_display.o(.text) refers to ssd1306.o(.text) for TFT_string
    lcd_display.o(.text) refers to drv_system.o(.text) for micros
    lcd_display.o(.text) refers to memseta.o(.text) for __aeabi_memclr4
    lcd_display.o(.text) refers to ffltui.o(.text) for __aeabi_ui2f
    lcd_display.o(.text) refers to fadd.o(.text) for __aeabi_fadd
    lcd_display.o(.text) refers to lcd_display.o(i.__ARM_common_switch8) for __ARM_common_switch8
    lcd_display.o(.text) refers to dfltui.o(.text) for __aeabi_ui2d
    lcd_display.o(.text) refers to ddiv.o(.text) for __aeabi_ddiv
    lcd_display.o(.text) refers to dflti.o(.text) for __aeabi_i2d
    lcd_display.o(.text) refers to f2d.o(.text) for __aeabi_f2d
    lcd_display.o(.text) refers to cdrcmple.o(.text) for __aeabi_cdrcmple
    lcd_display.o(.text) refers to cdcmple.o(.text) for __aeabi_cdcmple
    lcd_display.o(.text) refers to function.o(.text) for floatToString
    lcd_display.o(.text) refers to strlen.o(.text) for strlen
    lcd_display.o(.text) refers to fflti.o(.text) for __aeabi_i2f
    lcd_display.o(.text) refers to config.o(.bss) for sys
    lcd_display.o(.text) refers to lcd_display.o(.bss) for .bss
    lcd_display.o(.text) refers to lcd_display.o(.data) for .data
    lcd_display.o(.text) refers to strncpy.o(.text) for strncpy
    lcd_display.o(.text) refers to strcat.o(.text) for strcat
    lcd_display.o(.text) refers to memcpya.o(.text) for __aeabi_memcpy4
    lcd_display.o(.data) refers to lcd_display.o(.conststring) for .conststring
    lcd_display.o(.data) refers to drv_can.o(.bss) for rxd_data
    ssd1306.o(.text) refers to drv_spi.o(.text) for SPI_SendByte
    ssd1306.o(.text) refers to fflti.o(.text) for __aeabi_i2f
    ssd1306.o(.text) refers to fmul.o(.text) for __aeabi_fmul
    ssd1306.o(.text) refers to ffixui.o(.text) for __aeabi_f2uiz
    ssd1306.o(.text) refers to fadd.o(.text) for __aeabi_fadd
    ssd1306.o(.text) refers to ssd1306.o(.bss) for .bss
    ssd1306.o(.text) refers to lcd_display.o(.bss) for font_set
    ssd1306.o(.text) refers to fonts.o(.constdata) for MS_Godic_VerySmall
    ssd1306.o(.text) refers to fonts.o(.constdata) for c_chFont1206
    drv_can.o(.text) refers to stm32f0xx_rcc.o(.text) for RCC_AHBPeriphClockCmd
    drv_can.o(.text) refers to stm32f0xx_gpio.o(.text) for GPIO_PinAFConfig
    drv_can.o(.text) refers to stm32f0xx_misc.o(.text) for NVIC_Init
    drv_can.o(.text) refers to stm32f0xx_can.o(.text) for CAN_DeInit
    drv_can.o(.text) refers to lcd_display.o(i.__ARM_common_switch8) for __ARM_common_switch8
    drv_can.o(.text) refers to dflti.o(.text) for __aeabi_i2d
    drv_can.o(.text) refers to dmul.o(.text) for __aeabi_dmul
    drv_can.o(.text) refers to dadd.o(.text) for __aeabi_dadd
    drv_can.o(.text) refers to dfixui.o(.text) for __aeabi_d2uiz
    drv_can.o(.text) refers to dfixi.o(.text) for __aeabi_d2iz
    drv_can.o(.text) refers to d2f.o(.text) for __aeabi_d2f
    drv_can.o(.text) refers to memcpya.o(.text) for __aeabi_memcpy
    drv_can.o(.text) refers to llushr.o(.text) for __aeabi_llsr
    drv_can.o(.text) refers to llshl.o(.text) for __aeabi_llsl
    drv_can.o(.text) refers to can_queue.o(.text) for CAN_dequeue
    drv_can.o(.text) refers to drv_can.o(.data) for .data
    drv_can.o(.text) refers to can_queue.o(.bss) for CAN_rxd_queue
    drv_can.o(.text) refers to drv_can.o(.bss) for .bss
    drv_can.o(.data) refers to drv_can.o(.bss) for rxd_data
    can_queue.o(.text) refers to idiv.o(.text) for __aeabi_idivmod
    stm32f0xx_adc.o(.text) refers to stm32f0xx_rcc.o(.text) for RCC_APB2PeriphResetCmd
    stm32f0xx_can.o(.text) refers to stm32f0xx_rcc.o(.text) for RCC_APB1PeriphResetCmd
    stm32f0xx_cec.o(.text) refers to stm32f0xx_rcc.o(.text) for RCC_APB1PeriphResetCmd
    stm32f0xx_crs.o(.text) refers to stm32f0xx_rcc.o(.text) for RCC_APB1PeriphResetCmd
    stm32f0xx_dac.o(.text) refers to stm32f0xx_rcc.o(.text) for RCC_APB1PeriphResetCmd
    stm32f0xx_gpio.o(.text) refers to stm32f0xx_rcc.o(.text) for RCC_AHBPeriphResetCmd
    stm32f0xx_i2c.o(.text) refers to stm32f0xx_rcc.o(.text) for RCC_APB1PeriphResetCmd
    stm32f0xx_pwr.o(.text) refers to stm32f0xx_rcc.o(.text) for RCC_APB1PeriphResetCmd
    stm32f0xx_rcc.o(.text) refers to uidiv.o(.text) for __aeabi_uidivmod
    stm32f0xx_rcc.o(.text) refers to stm32f0xx_rcc.o(.data) for .data
    stm32f0xx_spi.o(.text) refers to stm32f0xx_rcc.o(.text) for RCC_APB2PeriphResetCmd
    stm32f0xx_spi.o(.text) refers to uidiv.o(.text) for __aeabi_uidivmod
    stm32f0xx_tim.o(.text) refers to stm32f0xx_rcc.o(.text) for RCC_APB2PeriphResetCmd
    stm32f0xx_usart.o(.text) refers to stm32f0xx_rcc.o(.text) for RCC_APB2PeriphResetCmd
    stm32f0xx_usart.o(.text) refers to uidiv.o(.text) for __aeabi_uidivmod
    stm32f0xx_wwdg.o(.text) refers to stm32f0xx_rcc.o(.text) for RCC_APB1PeriphResetCmd
    startup_stm32f042.o(RESET) refers to startup_stm32f042.o(STACK) for __initial_sp
    startup_stm32f042.o(RESET) refers to startup_stm32f042.o(.text) for Reset_Handler
    startup_stm32f042.o(RESET) refers to drv_system.o(.text) for SysTick_Handler
    startup_stm32f042.o(RESET) refers to drv_can.o(.text) for CEC_CAN_IRQHandler
    startup_stm32f042.o(.text) refers to startup_stm32f042.o(STACK) for __initial_sp
    startup_stm32f042.o(.text) refers to system_stm32f0xx.o(.text) for SystemInit
    startup_stm32f042.o(.text) refers to entry.o(.ARM.Collect$$$$00000000) for __main
    system_stm32f0xx.o(.text) refers to uidiv.o(.text) for __aeabi_uidivmod
    system_stm32f0xx.o(.text) refers to system_stm32f0xx.o(.data) for .data
    entry.o(.ARM.Collect$$$$00000000) refers (Special) to entry10a.o(.ARM.Collect$$$$0000000D) for __rt_final_cpp
    entry.o(.ARM.Collect$$$$00000000) refers (Special) to entry11a.o(.ARM.Collect$$$$0000000F) for __rt_final_exit
    entry.o(.ARM.Collect$$$$00000000) refers (Special) to entry7b.o(.ARM.Collect$$$$00000008) for _main_clock
    entry.o(.ARM.Collect$$$$00000000) refers (Special) to entry8b.o(.ARM.Collect$$$$0000000A) for _main_cpp_init
    entry.o(.ARM.Collect$$$$00000000) refers (Special) to entry9a.o(.ARM.Collect$$$$0000000B) for _main_init
    entry.o(.ARM.Collect$$$$00000000) refers (Special) to entry5.o(.ARM.Collect$$$$00000004) for _main_scatterload
    entry.o(.ARM.Collect$$$$00000000) refers (Special) to entry2.o(.ARM.Collect$$$$00000001) for _main_stk
    idiv.o(.text) refers to uidiv.o(.text) for __aeabi_uidivmod
    fadd.o(.text) refers (Special) to iusefp.o(.text) for __I$use$fp
    fadd.o(.text) refers to fepilogue.o(.text) for _float_epilogue
    fmul.o(.text) refers (Special) to iusefp.o(.text) for __I$use$fp
    dadd.o(.text) refers (Special) to iusefp.o(.text) for __I$use$fp
    dadd.o(.text) refers to llshl.o(.text) for __aeabi_llsl
    dadd.o(.text) refers to llsshr.o(.text) for __aeabi_lasr
    dadd.o(.text) refers to depilogue.o(.text) for _double_epilogue
    dmul.o(.text) refers (Special) to iusefp.o(.text) for __I$use$fp
    dmul.o(.text) refers to depilogue.o(.text) for _double_epilogue
    ddiv.o(.text) refers (Special) to iusefp.o(.text) for __I$use$fp
    ddiv.o(.text) refers to depilogue.o(.text) for _double_round
    fflti.o(.text) refers (Special) to iusefp.o(.text) for __I$use$fp
    fflti.o(.text) refers to fepilogue.o(.text) for _float_epilogue
    ffltui.o(.text) refers (Special) to iusefp.o(.text) for __I$use$fp
    ffltui.o(.text) refers to fepilogue.o(.text) for _float_epilogue
    dflti.o(.text) refers (Special) to iusefp.o(.text) for __I$use$fp
    dflti.o(.text) refers to depilogue.o(.text) for _double_epilogue
    dfltui.o(.text) refers (Special) to iusefp.o(.text) for __I$use$fp
    dfltui.o(.text) refers to depilogue.o(.text) for _double_epilogue
    ffixui.o(.text) refers (Special) to iusefp.o(.text) for __I$use$fp
    dfixi.o(.text) refers (Special) to iusefp.o(.text) for __I$use$fp
    dfixi.o(.text) refers to llushr.o(.text) for __aeabi_llsr
    dfixui.o(.text) refers (Special) to iusefp.o(.text) for __I$use$fp
    dfixui.o(.text) refers to llushr.o(.text) for __aeabi_llsr
    f2d.o(.text) refers (Special) to iusefp.o(.text) for __I$use$fp
    cdcmple.o(.text) refers (Special) to iusefp.o(.text) for __I$use$fp
    cdrcmple.o(.text) refers (Special) to iusefp.o(.text) for __I$use$fp
    d2f.o(.text) refers (Special) to iusefp.o(.text) for __I$use$fp
    d2f.o(.text) refers to fepilogue.o(.text) for _float_round
    entry2.o(.ARM.Collect$$$$00000001) refers to entry2.o(.ARM.Collect$$$$00002712) for __lit__00000000
    entry2.o(.ARM.Collect$$$$00002712) refers to startup_stm32f042.o(STACK) for __initial_sp
    entry2.o(__vectab_stack_and_reset_area) refers to startup_stm32f042.o(STACK) for __initial_sp
    entry2.o(__vectab_stack_and_reset_area) refers to entry.o(.ARM.Collect$$$$00000000) for __main
    entry5.o(.ARM.Collect$$$$00000004) refers to init.o(.text) for __scatterload
    entry9a.o(.ARM.Collect$$$$0000000B) refers to main.o(.text) for main
    entry9b.o(.ARM.Collect$$$$0000000C) refers to main.o(.text) for main
    depilogue.o(.text) refers to depilogue.o(i.__ARM_clz) for __ARM_clz
    depilogue.o(.text) refers to llshl.o(.text) for __aeabi_llsl
    depilogue.o(.text) refers to llushr.o(.text) for __aeabi_llsr
    init.o(.text) refers to entry5.o(.ARM.Collect$$$$00000004) for __main_after_scatterload


==============================================================================

Removing Unused input sections from the image.

    Removing main.o(.rev16_text), (4 bytes).
    Removing main.o(.revsh_text), (4 bytes).
    Removing drv_system.o(.rev16_text), (4 bytes).
    Removing drv_system.o(.revsh_text), (4 bytes).
    Removing config.o(.rev16_text), (4 bytes).
    Removing config.o(.revsh_text), (4 bytes).
    Removing config.o(.bss), (16 bytes).
    Removing function.o(.rev16_text), (4 bytes).
    Removing function.o(.revsh_text), (4 bytes).
    Removing drv_spi.o(.rev16_text), (4 bytes).
    Removing drv_spi.o(.revsh_text), (4 bytes).
    Removing fonts.o(.rev16_text), (4 bytes).
    Removing fonts.o(.revsh_text), (4 bytes).
    Removing fonts.o(.constdata), (1552 bytes).
    Removing fonts.o(.constdata), (1552 bytes).
    Removing fonts.o(.constdata), (6464 bytes).
    Removing fonts.o(.constdata), (14256 bytes).
    Removing fonts.o(.constdata), (96 bytes).
    Removing lcd_display.o(.rev16_text), (4 bytes).
    Removing lcd_display.o(.revsh_text), (4 bytes).
    Removing ssd1306.o(.rev16_text), (4 bytes).
    Removing ssd1306.o(.revsh_text), (4 bytes).
    Removing drv_can.o(.rev16_text), (4 bytes).
    Removing drv_can.o(.revsh_text), (4 bytes).
    Removing drv_can.o(.data), (1 bytes).
    Removing can_queue.o(.rev16_text), (4 bytes).
    Removing can_queue.o(.revsh_text), (4 bytes).
    Removing can_queue.o(.bss), (804 bytes).
    Removing stm32f0xx_adc.o(.rev16_text), (4 bytes).
    Removing stm32f0xx_adc.o(.revsh_text), (4 bytes).
    Removing stm32f0xx_adc.o(.text), (612 bytes).
    Removing stm32f0xx_can.o(.rev16_text), (4 bytes).
    Removing stm32f0xx_can.o(.revsh_text), (4 bytes).
    Removing stm32f0xx_cec.o(.rev16_text), (4 bytes).
    Removing stm32f0xx_cec.o(.revsh_text), (4 bytes).
    Removing stm32f0xx_cec.o(.text), (284 bytes).
    Removing stm32f0xx_comp.o(.rev16_text), (4 bytes).
    Removing stm32f0xx_comp.o(.revsh_text), (4 bytes).
    Removing stm32f0xx_comp.o(.text), (188 bytes).
    Removing stm32f0xx_crc.o(.rev16_text), (4 bytes).
    Removing stm32f0xx_crc.o(.revsh_text), (4 bytes).
    Removing stm32f0xx_crc.o(.text), (176 bytes).
    Removing stm32f0xx_crs.o(.rev16_text), (4 bytes).
    Removing stm32f0xx_crs.o(.revsh_text), (4 bytes).
    Removing stm32f0xx_crs.o(.text), (340 bytes).
    Removing stm32f0xx_dac.o(.rev16_text), (4 bytes).
    Removing stm32f0xx_dac.o(.revsh_text), (4 bytes).
    Removing stm32f0xx_dac.o(.text), (368 bytes).
    Removing stm32f0xx_dbgmcu.o(.rev16_text), (4 bytes).
    Removing stm32f0xx_dbgmcu.o(.revsh_text), (4 bytes).
    Removing stm32f0xx_dbgmcu.o(.text), (88 bytes).
    Removing stm32f0xx_dma.o(.rev16_text), (4 bytes).
    Removing stm32f0xx_dma.o(.revsh_text), (4 bytes).
    Removing stm32f0xx_dma.o(.text), (528 bytes).
    Removing stm32f0xx_exti.o(.rev16_text), (4 bytes).
    Removing stm32f0xx_exti.o(.revsh_text), (4 bytes).
    Removing stm32f0xx_exti.o(.text), (204 bytes).
    Removing stm32f0xx_flash.o(.rev16_text), (4 bytes).
    Removing stm32f0xx_flash.o(.revsh_text), (4 bytes).
    Removing stm32f0xx_gpio.o(.rev16_text), (4 bytes).
    Removing stm32f0xx_gpio.o(.revsh_text), (4 bytes).
    Removing stm32f0xx_i2c.o(.rev16_text), (4 bytes).
    Removing stm32f0xx_i2c.o(.revsh_text), (4 bytes).
    Removing stm32f0xx_i2c.o(.text), (984 bytes).
    Removing stm32f0xx_iwdg.o(.rev16_text), (4 bytes).
    Removing stm32f0xx_iwdg.o(.revsh_text), (4 bytes).
    Removing stm32f0xx_iwdg.o(.text), (68 bytes).
    Removing stm32f0xx_misc.o(.rev16_text), (4 bytes).
    Removing stm32f0xx_misc.o(.revsh_text), (4 bytes).
    Removing stm32f0xx_pwr.o(.rev16_text), (4 bytes).
    Removing stm32f0xx_pwr.o(.revsh_text), (4 bytes).
    Removing stm32f0xx_pwr.o(.text), (252 bytes).
    Removing stm32f0xx_rcc.o(.rev16_text), (4 bytes).
    Removing stm32f0xx_rcc.o(.revsh_text), (4 bytes).
    Removing stm32f0xx_rtc.o(.rev16_text), (4 bytes).
    Removing stm32f0xx_rtc.o(.revsh_text), (4 bytes).
    Removing stm32f0xx_rtc.o(.text), (2392 bytes).
    Removing stm32f0xx_spi.o(.rev16_text), (4 bytes).
    Removing stm32f0xx_spi.o(.revsh_text), (4 bytes).
    Removing stm32f0xx_syscfg.o(.rev16_text), (4 bytes).
    Removing stm32f0xx_syscfg.o(.revsh_text), (4 bytes).
    Removing stm32f0xx_syscfg.o(.text), (200 bytes).
    Removing stm32f0xx_tim.o(.rev16_text), (4 bytes).
    Removing stm32f0xx_tim.o(.revsh_text), (4 bytes).
    Removing stm32f0xx_tim.o(.text), (2508 bytes).
    Removing stm32f0xx_usart.o(.rev16_text), (4 bytes).
    Removing stm32f0xx_usart.o(.revsh_text), (4 bytes).
    Removing stm32f0xx_usart.o(.text), (1370 bytes).
    Removing stm32f0xx_wwdg.o(.rev16_text), (4 bytes).
    Removing stm32f0xx_wwdg.o(.revsh_text), (4 bytes).
    Removing stm32f0xx_wwdg.o(.text), (124 bytes).
    Removing startup_stm32f042.o(HEAP), (512 bytes).
    Removing system_stm32f0xx.o(.rev16_text), (4 bytes).
    Removing system_stm32f0xx.o(.revsh_text), (4 bytes).

94 unused section(s) (total 36211 bytes) removed from the image.

==============================================================================

Image Symbol Table

    Local Symbols

    Symbol Name                              Value     Ov Type        Size  Object(Section)

    ../clib/../cmprslib/zerorunl2.c          0x00000000   Number         0  __dczerorl2.o ABSOLUTE
    ../clib/microlib/division.c              0x00000000   Number         0  uidiv.o ABSOLUTE
    ../clib/microlib/division.c              0x00000000   Number         0  idiv.o ABSOLUTE
    ../clib/microlib/init/entry.s            0x00000000   Number         0  entry9a.o ABSOLUTE
    ../clib/microlib/init/entry.s            0x00000000   Number         0  entry5.o ABSOLUTE
    ../clib/microlib/init/entry.s            0x00000000   Number         0  entry8a.o ABSOLUTE
    ../clib/microlib/init/entry.s            0x00000000   Number         0  entry.o ABSOLUTE
    ../clib/microlib/init/entry.s            0x00000000   Number         0  entry7a.o ABSOLUTE
    ../clib/microlib/init/entry.s            0x00000000   Number         0  entry8b.o ABSOLUTE
    ../clib/microlib/init/entry.s            0x00000000   Number         0  entry11b.o ABSOLUTE
    ../clib/microlib/init/entry.s            0x00000000   Number         0  entry7b.o ABSOLUTE
    ../clib/microlib/init/entry.s            0x00000000   Number         0  entry11a.o ABSOLUTE
    ../clib/microlib/init/entry.s            0x00000000   Number         0  entry10b.o ABSOLUTE
    ../clib/microlib/init/entry.s            0x00000000   Number         0  entry10a.o ABSOLUTE
    ../clib/microlib/init/entry.s            0x00000000   Number         0  entry9b.o ABSOLUTE
    ../clib/microlib/init/entry.s            0x00000000   Number         0  entry2.o ABSOLUTE
    ../clib/microlib/longlong.c              0x00000000   Number         0  llsshr.o ABSOLUTE
    ../clib/microlib/longlong.c              0x00000000   Number         0  llushr.o ABSOLUTE
    ../clib/microlib/longlong.c              0x00000000   Number         0  llshl.o ABSOLUTE
    ../clib/microlib/string/memcpy.c         0x00000000   Number         0  memcpyb.o ABSOLUTE
    ../clib/microlib/string/memcpy.c         0x00000000   Number         0  memcpya.o ABSOLUTE
    ../clib/microlib/string/memset.c         0x00000000   Number         0  memseta.o ABSOLUTE
    ../clib/microlib/string/strcat.c         0x00000000   Number         0  strcat.o ABSOLUTE
    ../clib/microlib/string/strcpy.c         0x00000000   Number         0  strcpy.o ABSOLUTE
    ../clib/microlib/string/strlen.c         0x00000000   Number         0  strlen.o ABSOLUTE
    ../clib/microlib/string/strncpy.c        0x00000000   Number         0  strncpy.o ABSOLUTE
    ../clib/microlib/stubs.s                 0x00000000   Number         0  iusefp.o ABSOLUTE
    ../fplib/microlib/d2f.c                  0x00000000   Number         0  d2f.o ABSOLUTE
    ../fplib/microlib/f2d.c                  0x00000000   Number         0  f2d.o ABSOLUTE
    ../fplib/microlib/fpadd.c                0x00000000   Number         0  dadd.o ABSOLUTE
    ../fplib/microlib/fpadd.c                0x00000000   Number         0  fadd.o ABSOLUTE
    ../fplib/microlib/fpdiv.c                0x00000000   Number         0  ddiv.o ABSOLUTE
    ../fplib/microlib/fpepilogue.c           0x00000000   Number         0  fepilogue.o ABSOLUTE
    ../fplib/microlib/fpepilogue.c           0x00000000   Number         0  depilogue.o ABSOLUTE
    ../fplib/microlib/fpfix.c                0x00000000   Number         0  dfixi.o ABSOLUTE
    ../fplib/microlib/fpfix.c                0x00000000   Number         0  ffixui.o ABSOLUTE
    ../fplib/microlib/fpfix.c                0x00000000   Number         0  dfixui.o ABSOLUTE
    ../fplib/microlib/fpflt.c                0x00000000   Number         0  dflti.o ABSOLUTE
    ../fplib/microlib/fpflt.c                0x00000000   Number         0  dfltui.o ABSOLUTE
    ../fplib/microlib/fpflt.c                0x00000000   Number         0  ffltui.o ABSOLUTE
    ../fplib/microlib/fpflt.c                0x00000000   Number         0  fflti.o ABSOLUTE
    ../fplib/microlib/fpmul.c                0x00000000   Number         0  dmul.o ABSOLUTE
    ../fplib/microlib/fpmul.c                0x00000000   Number         0  fmul.o ABSOLUTE
    Libraries\STM32F0xx_StdPeriph_Driver\src\stm32f0xx_adc.c 0x00000000   Number         0  stm32f0xx_adc.o ABSOLUTE
    Libraries\STM32F0xx_StdPeriph_Driver\src\stm32f0xx_can.c 0x00000000   Number         0  stm32f0xx_can.o ABSOLUTE
    Libraries\STM32F0xx_StdPeriph_Driver\src\stm32f0xx_cec.c 0x00000000   Number         0  stm32f0xx_cec.o ABSOLUTE
    Libraries\STM32F0xx_StdPeriph_Driver\src\stm32f0xx_comp.c 0x00000000   Number         0  stm32f0xx_comp.o ABSOLUTE
    Libraries\STM32F0xx_StdPeriph_Driver\src\stm32f0xx_crc.c 0x00000000   Number         0  stm32f0xx_crc.o ABSOLUTE
    Libraries\STM32F0xx_StdPeriph_Driver\src\stm32f0xx_crs.c 0x00000000   Number         0  stm32f0xx_crs.o ABSOLUTE
    Libraries\STM32F0xx_StdPeriph_Driver\src\stm32f0xx_dac.c 0x00000000   Number         0  stm32f0xx_dac.o ABSOLUTE
    Libraries\STM32F0xx_StdPeriph_Driver\src\stm32f0xx_dbgmcu.c 0x00000000   Number         0  stm32f0xx_dbgmcu.o ABSOLUTE
    Libraries\STM32F0xx_StdPeriph_Driver\src\stm32f0xx_dma.c 0x00000000   Number         0  stm32f0xx_dma.o ABSOLUTE
    Libraries\STM32F0xx_StdPeriph_Driver\src\stm32f0xx_exti.c 0x00000000   Number         0  stm32f0xx_exti.o ABSOLUTE
    Libraries\STM32F0xx_StdPeriph_Driver\src\stm32f0xx_flash.c 0x00000000   Number         0  stm32f0xx_flash.o ABSOLUTE
    Libraries\STM32F0xx_StdPeriph_Driver\src\stm32f0xx_gpio.c 0x00000000   Number         0  stm32f0xx_gpio.o ABSOLUTE
    Libraries\STM32F0xx_StdPeriph_Driver\src\stm32f0xx_i2c.c 0x00000000   Number         0  stm32f0xx_i2c.o ABSOLUTE
    Libraries\STM32F0xx_StdPeriph_Driver\src\stm32f0xx_iwdg.c 0x00000000   Number         0  stm32f0xx_iwdg.o ABSOLUTE
    Libraries\STM32F0xx_StdPeriph_Driver\src\stm32f0xx_misc.c 0x00000000   Number         0  stm32f0xx_misc.o ABSOLUTE
    Libraries\STM32F0xx_StdPeriph_Driver\src\stm32f0xx_pwr.c 0x00000000   Number         0  stm32f0xx_pwr.o ABSOLUTE
    Libraries\STM32F0xx_StdPeriph_Driver\src\stm32f0xx_rcc.c 0x00000000   Number         0  stm32f0xx_rcc.o ABSOLUTE
    Libraries\STM32F0xx_StdPeriph_Driver\src\stm32f0xx_rtc.c 0x00000000   Number         0  stm32f0xx_rtc.o ABSOLUTE
    Libraries\STM32F0xx_StdPeriph_Driver\src\stm32f0xx_spi.c 0x00000000   Number         0  stm32f0xx_spi.o ABSOLUTE
    Libraries\STM32F0xx_StdPeriph_Driver\src\stm32f0xx_syscfg.c 0x00000000   Number         0  stm32f0xx_syscfg.o ABSOLUTE
    Libraries\STM32F0xx_StdPeriph_Driver\src\stm32f0xx_tim.c 0x00000000   Number         0  stm32f0xx_tim.o ABSOLUTE
    Libraries\STM32F0xx_StdPeriph_Driver\src\stm32f0xx_usart.c 0x00000000   Number         0  stm32f0xx_usart.o ABSOLUTE
    Libraries\STM32F0xx_StdPeriph_Driver\src\stm32f0xx_wwdg.c 0x00000000   Number         0  stm32f0xx_wwdg.o ABSOLUTE
    Libraries\\STM32F0xx_StdPeriph_Driver\\src\\stm32f0xx_adc.c 0x00000000   Number         0  stm32f0xx_adc.o ABSOLUTE
    Libraries\\STM32F0xx_StdPeriph_Driver\\src\\stm32f0xx_can.c 0x00000000   Number         0  stm32f0xx_can.o ABSOLUTE
    Libraries\\STM32F0xx_StdPeriph_Driver\\src\\stm32f0xx_cec.c 0x00000000   Number         0  stm32f0xx_cec.o ABSOLUTE
    Libraries\\STM32F0xx_StdPeriph_Driver\\src\\stm32f0xx_comp.c 0x00000000   Number         0  stm32f0xx_comp.o ABSOLUTE
    Libraries\\STM32F0xx_StdPeriph_Driver\\src\\stm32f0xx_crc.c 0x00000000   Number         0  stm32f0xx_crc.o ABSOLUTE
    Libraries\\STM32F0xx_StdPeriph_Driver\\src\\stm32f0xx_crs.c 0x00000000   Number         0  stm32f0xx_crs.o ABSOLUTE
    Libraries\\STM32F0xx_StdPeriph_Driver\\src\\stm32f0xx_dac.c 0x00000000   Number         0  stm32f0xx_dac.o ABSOLUTE
    Libraries\\STM32F0xx_StdPeriph_Driver\\src\\stm32f0xx_dbgmcu.c 0x00000000   Number         0  stm32f0xx_dbgmcu.o ABSOLUTE
    Libraries\\STM32F0xx_StdPeriph_Driver\\src\\stm32f0xx_dma.c 0x00000000   Number         0  stm32f0xx_dma.o ABSOLUTE
    Libraries\\STM32F0xx_StdPeriph_Driver\\src\\stm32f0xx_exti.c 0x00000000   Number         0  stm32f0xx_exti.o ABSOLUTE
    Libraries\\STM32F0xx_StdPeriph_Driver\\src\\stm32f0xx_flash.c 0x00000000   Number         0  stm32f0xx_flash.o ABSOLUTE
    Libraries\\STM32F0xx_StdPeriph_Driver\\src\\stm32f0xx_gpio.c 0x00000000   Number         0  stm32f0xx_gpio.o ABSOLUTE
    Libraries\\STM32F0xx_StdPeriph_Driver\\src\\stm32f0xx_i2c.c 0x00000000   Number         0  stm32f0xx_i2c.o ABSOLUTE
    Libraries\\STM32F0xx_StdPeriph_Driver\\src\\stm32f0xx_iwdg.c 0x00000000   Number         0  stm32f0xx_iwdg.o ABSOLUTE
    Libraries\\STM32F0xx_StdPeriph_Driver\\src\\stm32f0xx_misc.c 0x00000000   Number         0  stm32f0xx_misc.o ABSOLUTE
    Libraries\\STM32F0xx_StdPeriph_Driver\\src\\stm32f0xx_pwr.c 0x00000000   Number         0  stm32f0xx_pwr.o ABSOLUTE
    Libraries\\STM32F0xx_StdPeriph_Driver\\src\\stm32f0xx_rcc.c 0x00000000   Number         0  stm32f0xx_rcc.o ABSOLUTE
    Libraries\\STM32F0xx_StdPeriph_Driver\\src\\stm32f0xx_rtc.c 0x00000000   Number         0  stm32f0xx_rtc.o ABSOLUTE
    Libraries\\STM32F0xx_StdPeriph_Driver\\src\\stm32f0xx_spi.c 0x00000000   Number         0  stm32f0xx_spi.o ABSOLUTE
    Libraries\\STM32F0xx_StdPeriph_Driver\\src\\stm32f0xx_syscfg.c 0x00000000   Number         0  stm32f0xx_syscfg.o ABSOLUTE
    Libraries\\STM32F0xx_StdPeriph_Driver\\src\\stm32f0xx_tim.c 0x00000000   Number         0  stm32f0xx_tim.o ABSOLUTE
    Libraries\\STM32F0xx_StdPeriph_Driver\\src\\stm32f0xx_usart.c 0x00000000   Number         0  stm32f0xx_usart.o ABSOLUTE
    Libraries\\STM32F0xx_StdPeriph_Driver\\src\\stm32f0xx_wwdg.c 0x00000000   Number         0  stm32f0xx_wwdg.o ABSOLUTE
    RTE\Device\STM32F042F6\startup_stm32f042.s 0x00000000   Number         0  startup_stm32f042.o ABSOLUTE
    RTE\Device\STM32F042F6\system_stm32f0xx.c 0x00000000   Number         0  system_stm32f0xx.o ABSOLUTE
    RTE\\Device\\STM32F042F6\\system_stm32f0xx.c 0x00000000   Number         0  system_stm32f0xx.o ABSOLUTE
    SSD1306\Fonts.c                          0x00000000   Number         0  fonts.o ABSOLUTE
    SSD1306\SSD1306.c                        0x00000000   Number         0  ssd1306.o ABSOLUTE
    SSD1306\\Fonts.c                         0x00000000   Number         0  fonts.o ABSOLUTE
    SSD1306\\SSD1306.c                       0x00000000   Number         0  ssd1306.o ABSOLUTE
    SSD1306\\lcd_Display.c                   0x00000000   Number         0  lcd_display.o ABSOLUTE
    SSD1306\lcd_Display.c                    0x00000000   Number         0  lcd_display.o ABSOLUTE
    Source\\can_queue.c                      0x00000000   Number         0  can_queue.o ABSOLUTE
    Source\\config.c                         0x00000000   Number         0  config.o ABSOLUTE
    Source\\drv_can.c                        0x00000000   Number         0  drv_can.o ABSOLUTE
    Source\\drv_spi.c                        0x00000000   Number         0  drv_spi.o ABSOLUTE
    Source\\drv_system.c                     0x00000000   Number         0  drv_system.o ABSOLUTE
    Source\\function.c                       0x00000000   Number         0  function.o ABSOLUTE
    Source\\main.c                           0x00000000   Number         0  main.o ABSOLUTE
    Source\can_queue.c                       0x00000000   Number         0  can_queue.o ABSOLUTE
    Source\config.c                          0x00000000   Number         0  config.o ABSOLUTE
    Source\drv_can.c                         0x00000000   Number         0  drv_can.o ABSOLUTE
    Source\drv_spi.c                         0x00000000   Number         0  drv_spi.o ABSOLUTE
    Source\drv_system.c                      0x00000000   Number         0  drv_system.o ABSOLUTE
    Source\function.c                        0x00000000   Number         0  function.o ABSOLUTE
    Source\main.c                            0x00000000   Number         0  main.o ABSOLUTE
    cdcmple.s                                0x00000000   Number         0  cdcmple.o ABSOLUTE
    cdrcmple.s                               0x00000000   Number         0  cdrcmple.o ABSOLUTE
    dc.s                                     0x00000000   Number         0  dc.o ABSOLUTE
    handlers.s                               0x00000000   Number         0  handlers.o ABSOLUTE
    init.s                                   0x00000000   Number         0  init.o ABSOLUTE
    RESET                                    0x08000000   Section      192  startup_stm32f042.o(RESET)
    .ARM.Collect$$$$00000000                 0x080000c0   Section        0  entry.o(.ARM.Collect$$$$00000000)
    .ARM.Collect$$$$00000001                 0x080000c0   Section        4  entry2.o(.ARM.Collect$$$$00000001)
    .ARM.Collect$$$$00000004                 0x080000c4   Section        4  entry5.o(.ARM.Collect$$$$00000004)
    .ARM.Collect$$$$00000008                 0x080000c8   Section        0  entry7b.o(.ARM.Collect$$$$00000008)
    .ARM.Collect$$$$0000000A                 0x080000c8   Section        0  entry8b.o(.ARM.Collect$$$$0000000A)
    .ARM.Collect$$$$0000000B                 0x080000c8   Section        8  entry9a.o(.ARM.Collect$$$$0000000B)
    .ARM.Collect$$$$0000000D                 0x080000d0   Section        0  entry10a.o(.ARM.Collect$$$$0000000D)
    .ARM.Collect$$$$0000000F                 0x080000d0   Section        0  entry11a.o(.ARM.Collect$$$$0000000F)
    .ARM.Collect$$$$00002712                 0x080000d0   Section        4  entry2.o(.ARM.Collect$$$$00002712)
    __lit__00000000                          0x080000d0   Data           4  entry2.o(.ARM.Collect$$$$00002712)
    .text                                    0x080000d4   Section        0  main.o(.text)
    .text                                    0x08000160   Section        0  drv_system.o(.text)
    cycleCounterInit                         0x08000161   Thumb Code    26  drv_system.o(.text)
    .text                                    0x080002a8   Section        0  function.o(.text)
    i2a                                      0x08000317   Thumb Code    38  function.o(.text)
    .text                                    0x08000550   Section        0  drv_spi.o(.text)
    .text                                    0x08000830   Section        0  lcd_display.o(.text)
    .text                                    0x08000e88   Section        0  ssd1306.o(.text)
    ssd1306_write_byte                       0x08000fa3   Thumb Code    38  ssd1306.o(.text)
    .text                                    0x080013fc   Section        0  drv_can.o(.text)
    CAN_Config                               0x080013fd   Thumb Code   172  drv_can.o(.text)
    data_set_value                           0x080014bf   Thumb Code   234  drv_can.o(.text)
    CAN_RXD_data_update                      0x080015a9   Thumb Code   112  drv_can.o(.text)
    .text                                    0x08001694   Section        0  can_queue.o(.text)
    .text                                    0x080017c0   Section        0  stm32f0xx_can.o(.text)
    CheckITStatus                            0x08001dc9   Thumb Code    12  stm32f0xx_can.o(.text)
    .text                                    0x08001f50   Section        0  stm32f0xx_flash.o(.text)
    .text                                    0x08002454   Section        0  stm32f0xx_gpio.o(.text)
    .text                                    0x08002608   Section        0  stm32f0xx_misc.o(.text)
    .text                                    0x08002690   Section        0  stm32f0xx_rcc.o(.text)
    .text                                    0x08002bec   Section        0  stm32f0xx_spi.o(.text)
    .text                                    0x08002f10   Section       88  startup_stm32f042.o(.text)
    .text                                    0x08002f68   Section        0  system_stm32f0xx.o(.text)
    SetSysClock                              0x08002f69   Thumb Code   148  system_stm32f0xx.o(.text)
    .text                                    0x080030d0   Section        0  uidiv.o(.text)
    .text                                    0x080030fc   Section        0  idiv.o(.text)
    .text                                    0x08003124   Section        0  llshl.o(.text)
    .text                                    0x08003144   Section        0  llushr.o(.text)
    .text                                    0x08003166   Section        0  memcpya.o(.text)
    .text                                    0x0800318a   Section        0  memseta.o(.text)
    .text                                    0x080031ae   Section        0  strcat.o(.text)
    .text                                    0x080031c6   Section        0  strncpy.o(.text)
    .text                                    0x080031e0   Section        0  strlen.o(.text)
    .text                                    0x080031ee   Section        0  strcpy.o(.text)
    .text                                    0x08003200   Section        0  fadd.o(.text)
    .text                                    0x080032b2   Section        0  fmul.o(.text)
    .text                                    0x0800332c   Section        0  dadd.o(.text)
    .text                                    0x08003490   Section        0  dmul.o(.text)
    .text                                    0x08003560   Section        0  ddiv.o(.text)
    .text                                    0x08003650   Section        0  fflti.o(.text)
    .text                                    0x08003666   Section        0  ffltui.o(.text)
    .text                                    0x08003674   Section        0  dflti.o(.text)
    .text                                    0x0800369c   Section        0  dfltui.o(.text)
    .text                                    0x080036b8   Section        0  ffixui.o(.text)
    .text                                    0x080036e0   Section        0  dfixi.o(.text)
    .text                                    0x08003728   Section        0  dfixui.o(.text)
    .text                                    0x08003764   Section        0  f2d.o(.text)
    .text                                    0x0800378c   Section       40  cdcmple.o(.text)
    .text                                    0x080037b4   Section       40  cdrcmple.o(.text)
    .text                                    0x080037dc   Section        0  d2f.o(.text)
    .text                                    0x08003814   Section        0  llsshr.o(.text)
    .text                                    0x0800383a   Section        0  fepilogue.o(.text)
    .text                                    0x0800383a   Section        0  iusefp.o(.text)
    .text                                    0x080038bc   Section        0  depilogue.o(.text)
    .text                                    0x0800397c   Section       36  init.o(.text)
    .text                                    0x080039a0   Section        0  __dczerorl2.o(.text)
    i.__ARM_clz                              0x080039f6   Section        0  depilogue.o(i.__ARM_clz)
    i.__ARM_common_switch8                   0x08003a24   Section        0  lcd_display.o(i.__ARM_common_switch8)
    i.__scatterload_copy                     0x08003a3e   Section       14  handlers.o(i.__scatterload_copy)
    i.__scatterload_null                     0x08003a4c   Section        2  handlers.o(i.__scatterload_null)
    i.__scatterload_zeroinit                 0x08003a4e   Section       14  handlers.o(i.__scatterload_zeroinit)
    .constdata                               0x08003a5c   Section       60  drv_system.o(.constdata)
    .constdata                               0x08003a98   Section     1372  fonts.o(.constdata)
    .constdata                               0x08003ff4   Section     1164  fonts.o(.constdata)
    .conststring                             0x08004480   Section       77  lcd_display.o(.conststring)
    .data                                    0x20000000   Section        8  drv_system.o(.data)
    usTicks                                  0x20000000   Data           4  drv_system.o(.data)
    sysTickUptime                            0x20000004   Data           4  drv_system.o(.data)
    .data                                    0x20000008   Section        4  function.o(.data)
    beforTime                                0x20000008   Data           4  function.o(.data)
    .data                                    0x2000000c   Section        6  drv_spi.o(.data)
    spi1ErrorCount                           0x2000000c   Data           2  drv_spi.o(.data)
    spi2ErrorCount                           0x2000000e   Data           2  drv_spi.o(.data)
    spi3ErrorCount                           0x20000010   Data           2  drv_spi.o(.data)
    .data                                    0x20000014   Section      964  lcd_display.o(.data)
    i                                        0x20000014   Data           1  lcd_display.o(.data)
    vr_offset                                0x20000016   Data           2  lcd_display.o(.data)
    st_duty                                  0x20000018   Data           2  lcd_display.o(.data)
    st_freq                                  0x2000001a   Data           2  lcd_display.o(.data)
    st_mVrms                                 0x2000001c   Data           2  lcd_display.o(.data)
    vr_rpm                                   0x2000001e   Data           2  lcd_display.o(.data)
    beforTime                                0x20000020   Data           4  lcd_display.o(.data)
    vr_freq                                  0x20000024   Data           4  lcd_display.o(.data)
    vr_gain                                  0x20000028   Data           4  lcd_display.o(.data)
    .data                                    0x200003d8   Section      600  drv_can.o(.data)
    .data                                    0x20000630   Section       16  stm32f0xx_rcc.o(.data)
    APBAHBPrescTable                         0x20000630   Data          16  stm32f0xx_rcc.o(.data)
    .data                                    0x20000640   Section       20  system_stm32f0xx.o(.data)
    .bss                                     0x20000654   Section       44  config.o(.bss)
    .bss                                     0x20000680   Section      888  lcd_display.o(.bss)
    display_area                             0x20000680   Data          30  lcd_display.o(.bss)
    displayTime                              0x200006a0   Data         120  lcd_display.o(.bss)
    startFlag                                0x20000718   Data          30  lcd_display.o(.bss)
    beforStrLens                             0x20000736   Data          30  lcd_display.o(.bss)
    beforValueString                         0x20000754   Data         600  lcd_display.o(.bss)
    value_str_buff                           0x200009ac   Data          20  lcd_display.o(.bss)
    clear_str_buff                           0x200009c0   Data          20  lcd_display.o(.bss)
    .bss                                     0x200009f8   Section     1024  ssd1306.o(.bss)
    s_chDispalyBuffer                        0x200009f8   Data        1024  ssd1306.o(.bss)
    .bss                                     0x20000df8   Section       20  drv_can.o(.bss)
    .bss                                     0x20000e0c   Section       40  drv_can.o(.bss)
    .bss                                     0x20000e34   Section      804  can_queue.o(.bss)
    STACK                                    0x20001158   Section     1024  startup_stm32f042.o(STACK)

    Global Symbols

    Symbol Name                              Value     Ov Type        Size  Object(Section)

    BuildAttributes$$THM_ISAv3M$S$PE$A:L22$X:L11$S22$IEEE1$IW$USESV6$~STKCKD$USESV7$~SHL$OTIME$ROPI$EBA8$MICROLIB$REQ8$PRES8$EABIv2 0x00000000   Number         0  anon$$obj.o ABSOLUTE
    __ARM_use_no_argv                        0x00000000   Number         0  main.o ABSOLUTE
    __cpp_initialize__aeabi_                  - Undefined Weak Reference
    __cxa_finalize                            - Undefined Weak Reference
    _clock_init                               - Undefined Weak Reference
    _microlib_exit                            - Undefined Weak Reference
    __Vectors_Size                           0x000000c0   Number         0  startup_stm32f042.o ABSOLUTE
    __Vectors                                0x08000000   Data           4  startup_stm32f042.o(RESET)
    __Vectors_End                            0x080000c0   Data           0  startup_stm32f042.o(RESET)
    __main                                   0x080000c1   Thumb Code     0  entry.o(.ARM.Collect$$$$00000000)
    _main_stk                                0x080000c1   Thumb Code     0  entry2.o(.ARM.Collect$$$$00000001)
    _main_scatterload                        0x080000c5   Thumb Code     0  entry5.o(.ARM.Collect$$$$00000004)
    __main_after_scatterload                 0x080000c9   Thumb Code     0  entry5.o(.ARM.Collect$$$$00000004)
    _main_clock                              0x080000c9   Thumb Code     0  entry7b.o(.ARM.Collect$$$$00000008)
    _main_cpp_init                           0x080000c9   Thumb Code     0  entry8b.o(.ARM.Collect$$$$0000000A)
    _main_init                               0x080000c9   Thumb Code     0  entry9a.o(.ARM.Collect$$$$0000000B)
    __rt_final_cpp                           0x080000d1   Thumb Code     0  entry10a.o(.ARM.Collect$$$$0000000D)
    __rt_final_exit                          0x080000d1   Thumb Code     0  entry11a.o(.ARM.Collect$$$$0000000F)
    RCC_init                                 0x080000d5   Thumb Code    84  main.o(.text)
    main                                     0x08000129   Thumb Code    52  main.o(.text)
    SysTick_Handler                          0x0800017b   Thumb Code    10  drv_system.o(.text)
    micros                                   0x08000185   Thumb Code    36  drv_system.o(.text)
    millis                                   0x080001a9   Thumb Code     6  drv_system.o(.text)
    delayMicroseconds                        0x080001af   Thumb Code    22  drv_system.o(.text)
    delay                                    0x080001c5   Thumb Code    24  drv_system.o(.text)
    systemInit                               0x080001dd   Thumb Code   134  drv_system.o(.text)
    failureMode                              0x08000263   Thumb Code    32  drv_system.o(.text)
    loop_time_clear                          0x080002a9   Thumb Code     8  function.o(.text)
    loop_time_measuring                      0x080002b1   Thumb Code    38  function.o(.text)
    Loop_time_Common                         0x080002d7   Thumb Code     2  function.o(.text)
    number_to_2hex                           0x080002d9   Thumb Code    36  function.o(.text)
    check_Sum_to_str                         0x080002fd   Thumb Code    26  function.o(.text)
    itoa                                     0x0800033d   Thumb Code    46  function.o(.text)
    floatToString                            0x0800036b   Thumb Code   396  function.o(.text)
    data_checkSum                            0x080004f7   Thumb Code    24  function.o(.text)
    spiInit                                  0x08000551   Thumb Code   324  drv_spi.o(.text)
    spiTimeoutUserCallback                   0x08000695   Thumb Code    44  drv_spi.o(.text)
    spiTransfer                              0x080006c1   Thumb Code    96  drv_spi.o(.text)
    spiTransferAndRead                       0x08000721   Thumb Code    96  drv_spi.o(.text)
    spiReceive                               0x08000781   Thumb Code    50  drv_spi.o(.text)
    spiGetErrorCounter                       0x080007b3   Thumb Code    16  drv_spi.o(.text)
    SPI_SendByte                             0x080007c3   Thumb Code    94  drv_spi.o(.text)
    cycleTimmerClear                         0x08000831   Thumb Code     8  lcd_display.o(.text)
    title_display_string                     0x08000839   Thumb Code    28  lcd_display.o(.text)
    layout_display_string                    0x08000855   Thumb Code    24  lcd_display.o(.text)
    LCD_update                               0x0800086d   Thumb Code    40  lcd_display.o(.text)
    LCD_Value_Display_set                    0x08000895   Thumb Code  1140  lcd_display.o(.text)
    LCD_Value_Display                        0x08000d09   Thumb Code   158  lcd_display.o(.text)
    LCD_string_Display_set                   0x08000da7   Thumb Code   118  lcd_display.o(.text)
    display_value_zeor_process               0x08000e1d   Thumb Code    86  lcd_display.o(.text)
    ssd1306_draw_point                       0x08000e89   Thumb Code    54  ssd1306.o(.text)
    draw_line                                0x08000ebf   Thumb Code   228  ssd1306.o(.text)
    ssd1306_display_on                       0x08000fc9   Thumb Code    28  ssd1306.o(.text)
    ssd1306_display_off                      0x08000fe5   Thumb Code    28  ssd1306.o(.text)
    ssd1306_refresh_gram                     0x08001001   Thumb Code    66  ssd1306.o(.text)
    ssd1306_clear_screen                     0x08001043   Thumb Code    66  ssd1306.o(.text)
    ssd1306_fill_screen                      0x08001085   Thumb Code    52  ssd1306.o(.text)
    TFT_CharSmall_System                     0x080010b9   Thumb Code   184  ssd1306.o(.text)
    TFT_CharVerySmall_System                 0x08001171   Thumb Code   164  ssd1306.o(.text)
    TFT_PutCahr                              0x08001215   Thumb Code    32  ssd1306.o(.text)
    TFT_string                               0x08001235   Thumb Code   108  ssd1306.o(.text)
    ssd1306_draw_bitmap                      0x080012a1   Thumb Code    86  ssd1306.o(.text)
    ssd1306_init                             0x080012f7   Thumb Code   254  ssd1306.o(.text)
    can_bus_init                             0x080014a9   Thumb Code    22  drv_can.o(.text)
    CAN_RXD_Queue_Handller                   0x08001619   Thumb Code    32  drv_can.o(.text)
    Init_RxMes                               0x08001639   Thumb Code    28  drv_can.o(.text)
    CEC_CAN_IRQHandler                       0x08001655   Thumb Code    38  drv_can.o(.text)
    can_init_queue                           0x08001695   Thumb Code     8  can_queue.o(.text)
    can_is_empty                             0x0800169d   Thumb Code    20  can_queue.o(.text)
    can_queue_is_full                        0x080016b1   Thumb Code    32  can_queue.o(.text)
    CAN_enqueue                              0x080016d1   Thumb Code   134  can_queue.o(.text)
    CAN_dequeue                              0x08001757   Thumb Code   104  can_queue.o(.text)
    CAN_DeInit                               0x080017c1   Thumb Code    22  stm32f0xx_can.o(.text)
    CAN_Init                                 0x080017d7   Thumb Code   246  stm32f0xx_can.o(.text)
    CAN_FilterInit                           0x080018cd   Thumb Code   180  stm32f0xx_can.o(.text)
    CAN_StructInit                           0x08001981   Thumb Code    32  stm32f0xx_can.o(.text)
    CAN_SlaveStartBank                       0x080019a1   Thumb Code    36  stm32f0xx_can.o(.text)
    CAN_DBGFreeze                            0x080019c5   Thumb Code    24  stm32f0xx_can.o(.text)
    CAN_TTComModeCmd                         0x080019dd   Thumb Code    68  stm32f0xx_can.o(.text)
    CAN_Transmit                             0x08001a21   Thumb Code   170  stm32f0xx_can.o(.text)
    CAN_TransmitStatus                       0x08001acb   Thumb Code   120  stm32f0xx_can.o(.text)
    CAN_CancelTransmit                       0x08001b43   Thumb Code    46  stm32f0xx_can.o(.text)
    CAN_Receive                              0x08001b71   Thumb Code   160  stm32f0xx_can.o(.text)
    CAN_FIFORelease                          0x08001c11   Thumb Code    22  stm32f0xx_can.o(.text)
    CAN_MessagePending                       0x08001c27   Thumb Code    28  stm32f0xx_can.o(.text)
    CAN_OperatingModeRequest                 0x08001c43   Thumb Code   150  stm32f0xx_can.o(.text)
    CAN_Sleep                                0x08001cd9   Thumb Code    30  stm32f0xx_can.o(.text)
    CAN_WakeUp                               0x08001cf7   Thumb Code    40  stm32f0xx_can.o(.text)
    CAN_GetLastErrorCode                     0x08001d1f   Thumb Code    10  stm32f0xx_can.o(.text)
    CAN_GetReceiveErrorCounter               0x08001d29   Thumb Code     6  stm32f0xx_can.o(.text)
    CAN_GetLSBTransmitErrorCounter           0x08001d2f   Thumb Code     8  stm32f0xx_can.o(.text)
    CAN_ITConfig                             0x08001d37   Thumb Code    20  stm32f0xx_can.o(.text)
    CAN_GetFlagStatus                        0x08001d4b   Thumb Code    82  stm32f0xx_can.o(.text)
    CAN_ClearFlag                            0x08001d9d   Thumb Code    44  stm32f0xx_can.o(.text)
    CAN_GetITStatus                          0x08001dd5   Thumb Code   220  stm32f0xx_can.o(.text)
    CAN_ClearITPendingBit                    0x08001eb1   Thumb Code   148  stm32f0xx_can.o(.text)
    FLASH_SetLatency                         0x08001f51   Thumb Code    14  stm32f0xx_flash.o(.text)
    FLASH_PrefetchBufferCmd                  0x08001f5f   Thumb Code    24  stm32f0xx_flash.o(.text)
    FLASH_GetPrefetchBufferStatus            0x08001f77   Thumb Code    14  stm32f0xx_flash.o(.text)
    FLASH_Unlock                             0x08001f85   Thumb Code    18  stm32f0xx_flash.o(.text)
    FLASH_Lock                               0x08001f97   Thumb Code    12  stm32f0xx_flash.o(.text)
    FLASH_GetStatus                          0x08001fa3   Thumb Code    34  stm32f0xx_flash.o(.text)
    FLASH_WaitForLastOperation               0x08001fc5   Thumb Code    32  stm32f0xx_flash.o(.text)
    FLASH_ErasePage                          0x08001fe5   Thumb Code    52  stm32f0xx_flash.o(.text)
    FLASH_EraseAllPages                      0x08002019   Thumb Code    48  stm32f0xx_flash.o(.text)
    FLASH_ProgramWord                        0x08002049   Thumb Code    82  stm32f0xx_flash.o(.text)
    FLASH_ProgramHalfWord                    0x0800209b   Thumb Code    48  stm32f0xx_flash.o(.text)
    FLASH_OB_Unlock                          0x080020cb   Thumb Code    18  stm32f0xx_flash.o(.text)
    FLASH_OB_Lock                            0x080020dd   Thumb Code    12  stm32f0xx_flash.o(.text)
    FLASH_OB_Launch                          0x080020e9   Thumb Code    14  stm32f0xx_flash.o(.text)
    FLASH_OB_GetRDP                          0x080020f7   Thumb Code    16  stm32f0xx_flash.o(.text)
    FLASH_OB_Erase                           0x08002107   Thumb Code   106  stm32f0xx_flash.o(.text)
    FLASH_OB_EnableWRP                       0x08002171   Thumb Code   130  stm32f0xx_flash.o(.text)
    FLASH_OB_RDPConfig                       0x080021f3   Thumb Code    94  stm32f0xx_flash.o(.text)
    FLASH_OB_UserConfig                      0x08002251   Thumb Code    62  stm32f0xx_flash.o(.text)
    FLASH_OB_BOOTConfig                      0x0800228f   Thumb Code    54  stm32f0xx_flash.o(.text)
    FLASH_OB_BOOT0Config                     0x080022c5   Thumb Code    54  stm32f0xx_flash.o(.text)
    FLASH_OB_BOOT0SWConfig                   0x080022fb   Thumb Code    70  stm32f0xx_flash.o(.text)
    FLASH_OB_VDDAConfig                      0x08002341   Thumb Code    54  stm32f0xx_flash.o(.text)
    FLASH_OB_SRAMParityConfig                0x08002377   Thumb Code    54  stm32f0xx_flash.o(.text)
    FLASH_OB_WriteUser                       0x080023ad   Thumb Code    50  stm32f0xx_flash.o(.text)
    FLASH_OB_ProgramData                     0x080023df   Thumb Code    50  stm32f0xx_flash.o(.text)
    FLASH_OB_GetUser                         0x08002411   Thumb Code    10  stm32f0xx_flash.o(.text)
    FLASH_OB_GetWRP                          0x0800241b   Thumb Code     6  stm32f0xx_flash.o(.text)
    FLASH_ITConfig                           0x08002421   Thumb Code    22  stm32f0xx_flash.o(.text)
    FLASH_GetFlagStatus                      0x08002437   Thumb Code    16  stm32f0xx_flash.o(.text)
    FLASH_ClearFlag                          0x08002447   Thumb Code     6  stm32f0xx_flash.o(.text)
    GPIO_DeInit                              0x08002455   Thumb Code   160  stm32f0xx_gpio.o(.text)
    GPIO_Init                                0x080024f5   Thumb Code   112  stm32f0xx_gpio.o(.text)
    GPIO_StructInit                          0x08002565   Thumb Code    18  stm32f0xx_gpio.o(.text)
    GPIO_PinLockConfig                       0x08002577   Thumb Code    28  stm32f0xx_gpio.o(.text)
    GPIO_ReadInputDataBit                    0x08002593   Thumb Code    14  stm32f0xx_gpio.o(.text)
    GPIO_ReadInputData                       0x080025a1   Thumb Code     4  stm32f0xx_gpio.o(.text)
    GPIO_ReadOutputDataBit                   0x080025a5   Thumb Code    14  stm32f0xx_gpio.o(.text)
    GPIO_ReadOutputData                      0x080025b3   Thumb Code     4  stm32f0xx_gpio.o(.text)
    GPIO_SetBits                             0x080025b7   Thumb Code     4  stm32f0xx_gpio.o(.text)
    GPIO_ResetBits                           0x080025bb   Thumb Code     4  stm32f0xx_gpio.o(.text)
    GPIO_WriteBit                            0x080025bf   Thumb Code    12  stm32f0xx_gpio.o(.text)
    GPIO_Write                               0x080025cb   Thumb Code     4  stm32f0xx_gpio.o(.text)
    GPIO_PinAFConfig                         0x080025cf   Thumb Code    32  stm32f0xx_gpio.o(.text)
    NVIC_Init                                0x08002609   Thumb Code    72  stm32f0xx_misc.o(.text)
    NVIC_SystemLPConfig                      0x08002651   Thumb Code    22  stm32f0xx_misc.o(.text)
    SysTick_CLKSourceConfig                  0x08002667   Thumb Code    24  stm32f0xx_misc.o(.text)
    RCC_DeInit                               0x08002691   Thumb Code    76  stm32f0xx_rcc.o(.text)
    RCC_HSEConfig                            0x080026dd   Thumb Code    10  stm32f0xx_rcc.o(.text)
    RCC_GetFlagStatus                        0x080026e7   Thumb Code    50  stm32f0xx_rcc.o(.text)
    RCC_WaitForHSEStartUp                    0x08002719   Thumb Code    50  stm32f0xx_rcc.o(.text)
    RCC_AdjustHSICalibrationValue            0x0800274b   Thumb Code    16  stm32f0xx_rcc.o(.text)
    RCC_HSICmd                               0x0800275b   Thumb Code    26  stm32f0xx_rcc.o(.text)
    RCC_AdjustHSI14CalibrationValue          0x08002775   Thumb Code    16  stm32f0xx_rcc.o(.text)
    RCC_HSI14Cmd                             0x08002785   Thumb Code    26  stm32f0xx_rcc.o(.text)
    RCC_HSI14ADCRequestCmd                   0x0800279f   Thumb Code    24  stm32f0xx_rcc.o(.text)
    RCC_LSEConfig                            0x080027b7   Thumb Code    26  stm32f0xx_rcc.o(.text)
    RCC_LSEDriveConfig                       0x080027d1   Thumb Code    18  stm32f0xx_rcc.o(.text)
    RCC_LSICmd                               0x080027e3   Thumb Code    26  stm32f0xx_rcc.o(.text)
    RCC_PLLConfig                            0x080027fd   Thumb Code    24  stm32f0xx_rcc.o(.text)
    RCC_PLLCmd                               0x08002815   Thumb Code    26  stm32f0xx_rcc.o(.text)
    RCC_HSI48Cmd                             0x0800282f   Thumb Code    26  stm32f0xx_rcc.o(.text)
    RCC_PREDIV1Config                        0x08002849   Thumb Code    14  stm32f0xx_rcc.o(.text)
    RCC_ClockSecuritySystemCmd               0x08002857   Thumb Code    26  stm32f0xx_rcc.o(.text)
    RCC_MCOConfig                            0x08002871   Thumb Code    18  stm32f0xx_rcc.o(.text)
    RCC_SYSCLKConfig                         0x08002883   Thumb Code    14  stm32f0xx_rcc.o(.text)
    RCC_GetSYSCLKSource                      0x08002891   Thumb Code    10  stm32f0xx_rcc.o(.text)
    RCC_HCLKConfig                           0x0800289b   Thumb Code    14  stm32f0xx_rcc.o(.text)
    RCC_PCLKConfig                           0x080028a9   Thumb Code    16  stm32f0xx_rcc.o(.text)
    RCC_ADCCLKConfig                         0x080028b9   Thumb Code    38  stm32f0xx_rcc.o(.text)
    RCC_CECCLKConfig                         0x080028df   Thumb Code    18  stm32f0xx_rcc.o(.text)
    RCC_I2CCLKConfig                         0x080028f1   Thumb Code    18  stm32f0xx_rcc.o(.text)
    RCC_USARTCLKConfig                       0x08002903   Thumb Code    52  stm32f0xx_rcc.o(.text)
    RCC_USBCLKConfig                         0x08002937   Thumb Code    18  stm32f0xx_rcc.o(.text)
    RCC_GetClocksFreq                        0x08002949   Thumb Code   416  stm32f0xx_rcc.o(.text)
    RCC_RTCCLKConfig                         0x08002ae9   Thumb Code    10  stm32f0xx_rcc.o(.text)
    RCC_RTCCLKCmd                            0x08002af3   Thumb Code    26  stm32f0xx_rcc.o(.text)
    RCC_BackupResetCmd                       0x08002b0d   Thumb Code    26  stm32f0xx_rcc.o(.text)
    RCC_AHBPeriphClockCmd                    0x08002b27   Thumb Code    22  stm32f0xx_rcc.o(.text)
    RCC_APB2PeriphClockCmd                   0x08002b3d   Thumb Code    22  stm32f0xx_rcc.o(.text)
    RCC_APB1PeriphClockCmd                   0x08002b53   Thumb Code    22  stm32f0xx_rcc.o(.text)
    RCC_AHBPeriphResetCmd                    0x08002b69   Thumb Code    22  stm32f0xx_rcc.o(.text)
    RCC_APB2PeriphResetCmd                   0x08002b7f   Thumb Code    22  stm32f0xx_rcc.o(.text)
    RCC_APB1PeriphResetCmd                   0x08002b95   Thumb Code    22  stm32f0xx_rcc.o(.text)
    RCC_ITConfig                             0x08002bab   Thumb Code    22  stm32f0xx_rcc.o(.text)
    RCC_ClearFlag                            0x08002bc1   Thumb Code    14  stm32f0xx_rcc.o(.text)
    RCC_GetITStatus                          0x08002bcf   Thumb Code    16  stm32f0xx_rcc.o(.text)
    RCC_ClearITPendingBit                    0x08002bdf   Thumb Code     6  stm32f0xx_rcc.o(.text)
    SPI_I2S_DeInit                           0x08002bed   Thumb Code    54  stm32f0xx_spi.o(.text)
    SPI_StructInit                           0x08002c23   Thumb Code    28  stm32f0xx_spi.o(.text)
    SPI_Init                                 0x08002c3f   Thumb Code    74  stm32f0xx_spi.o(.text)
    I2S_StructInit                           0x08002c89   Thumb Code    18  stm32f0xx_spi.o(.text)
    I2S_Init                                 0x08002c9b   Thumb Code   164  stm32f0xx_spi.o(.text)
    SPI_Cmd                                  0x08002d3f   Thumb Code    22  stm32f0xx_spi.o(.text)
    SPI_TIModeCmd                            0x08002d55   Thumb Code    22  stm32f0xx_spi.o(.text)
    I2S_Cmd                                  0x08002d6b   Thumb Code    26  stm32f0xx_spi.o(.text)
    SPI_DataSizeConfig                       0x08002d85   Thumb Code    12  stm32f0xx_spi.o(.text)
    SPI_RxFIFOThresholdConfig                0x08002d91   Thumb Code    16  stm32f0xx_spi.o(.text)
    SPI_BiDirectionalLineConfig              0x08002da1   Thumb Code    26  stm32f0xx_spi.o(.text)
    SPI_NSSInternalSoftwareConfig            0x08002dbb   Thumb Code    26  stm32f0xx_spi.o(.text)
    SPI_SSOutputCmd                          0x08002dd5   Thumb Code    22  stm32f0xx_spi.o(.text)
    SPI_NSSPulseModeCmd                      0x08002deb   Thumb Code    22  stm32f0xx_spi.o(.text)
    SPI_SendData8                            0x08002e01   Thumb Code     4  stm32f0xx_spi.o(.text)
    SPI_I2S_SendData16                       0x08002e05   Thumb Code     4  stm32f0xx_spi.o(.text)
    SPI_ReceiveData8                         0x08002e09   Thumb Code     4  stm32f0xx_spi.o(.text)
    SPI_I2S_ReceiveData16                    0x08002e0d   Thumb Code     4  stm32f0xx_spi.o(.text)
    SPI_CRCLengthConfig                      0x08002e11   Thumb Code    16  stm32f0xx_spi.o(.text)
    SPI_CalculateCRC                         0x08002e21   Thumb Code    26  stm32f0xx_spi.o(.text)
    SPI_TransmitCRC                          0x08002e3b   Thumb Code    12  stm32f0xx_spi.o(.text)
    SPI_GetCRC                               0x08002e47   Thumb Code    12  stm32f0xx_spi.o(.text)
    SPI_GetCRCPolynomial                     0x08002e53   Thumb Code     4  stm32f0xx_spi.o(.text)
    SPI_I2S_DMACmd                           0x08002e57   Thumb Code    20  stm32f0xx_spi.o(.text)
    SPI_LastDMATransferCmd                   0x08002e6b   Thumb Code    16  stm32f0xx_spi.o(.text)
    SPI_I2S_ITConfig                         0x08002e7b   Thumb Code    28  stm32f0xx_spi.o(.text)
    SPI_GetTransmissionFIFOStatus            0x08002e97   Thumb Code    10  stm32f0xx_spi.o(.text)
    SPI_GetReceptionFIFOStatus               0x08002ea1   Thumb Code    10  stm32f0xx_spi.o(.text)
    SPI_I2S_GetFlagStatus                    0x08002eab   Thumb Code    14  stm32f0xx_spi.o(.text)
    SPI_I2S_ClearFlag                        0x08002eb9   Thumb Code     6  stm32f0xx_spi.o(.text)
    SPI_I2S_GetITStatus                      0x08002ebf   Thumb Code    42  stm32f0xx_spi.o(.text)
    Reset_Handler                            0x08002f11   Thumb Code    38  startup_stm32f042.o(.text)
    NMI_Handler                              0x08002f37   Thumb Code     2  startup_stm32f042.o(.text)
    HardFault_Handler                        0x08002f39   Thumb Code     2  startup_stm32f042.o(.text)
    SVC_Handler                              0x08002f3b   Thumb Code     2  startup_stm32f042.o(.text)
    PendSV_Handler                           0x08002f3d   Thumb Code     2  startup_stm32f042.o(.text)
    ADC1_IRQHandler                          0x08002f41   Thumb Code     0  startup_stm32f042.o(.text)
    DMA1_Channel1_IRQHandler                 0x08002f41   Thumb Code     0  startup_stm32f042.o(.text)
    DMA1_Channel2_3_IRQHandler               0x08002f41   Thumb Code     0  startup_stm32f042.o(.text)
    DMA1_Channel4_5_IRQHandler               0x08002f41   Thumb Code     0  startup_stm32f042.o(.text)
    EXTI0_1_IRQHandler                       0x08002f41   Thumb Code     0  startup_stm32f042.o(.text)
    EXTI2_3_IRQHandler                       0x08002f41   Thumb Code     0  startup_stm32f042.o(.text)
    EXTI4_15_IRQHandler                      0x08002f41   Thumb Code     0  startup_stm32f042.o(.text)
    FLASH_IRQHandler                         0x08002f41   Thumb Code     0  startup_stm32f042.o(.text)
    I2C1_IRQHandler                          0x08002f41   Thumb Code     0  startup_stm32f042.o(.text)
    PVD_VDDIO2_IRQHandler                    0x08002f41   Thumb Code     0  startup_stm32f042.o(.text)
    RCC_CRS_IRQHandler                       0x08002f41   Thumb Code     0  startup_stm32f042.o(.text)
    RTC_IRQHandler                           0x08002f41   Thumb Code     0  startup_stm32f042.o(.text)
    SPI1_IRQHandler                          0x08002f41   Thumb Code     0  startup_stm32f042.o(.text)
    SPI2_IRQHandler                          0x08002f41   Thumb Code     0  startup_stm32f042.o(.text)
    TIM14_IRQHandler                         0x08002f41   Thumb Code     0  startup_stm32f042.o(.text)
    TIM16_IRQHandler                         0x08002f41   Thumb Code     0  startup_stm32f042.o(.text)
    TIM17_IRQHandler                         0x08002f41   Thumb Code     0  startup_stm32f042.o(.text)
    TIM1_BRK_UP_TRG_COM_IRQHandler           0x08002f41   Thumb Code     0  startup_stm32f042.o(.text)
    TIM1_CC_IRQHandler                       0x08002f41   Thumb Code     0  startup_stm32f042.o(.text)
    TIM2_IRQHandler                          0x08002f41   Thumb Code     0  startup_stm32f042.o(.text)
    TIM3_IRQHandler                          0x08002f41   Thumb Code     0  startup_stm32f042.o(.text)
    TSC_IRQHandler                           0x08002f41   Thumb Code     0  startup_stm32f042.o(.text)
    USART1_IRQHandler                        0x08002f41   Thumb Code     0  startup_stm32f042.o(.text)
    USART2_IRQHandler                        0x08002f41   Thumb Code     0  startup_stm32f042.o(.text)
    USB_IRQHandler                           0x08002f41   Thumb Code     0  startup_stm32f042.o(.text)
    WWDG_IRQHandler                          0x08002f41   Thumb Code     0  startup_stm32f042.o(.text)
    SystemInit                               0x08002ffd   Thumb Code    78  system_stm32f0xx.o(.text)
    SystemCoreClockUpdate                    0x0800304b   Thumb Code   106  system_stm32f0xx.o(.text)
    __aeabi_uidiv                            0x080030d1   Thumb Code     0  uidiv.o(.text)
    __aeabi_uidivmod                         0x080030d1   Thumb Code    44  uidiv.o(.text)
    __aeabi_idiv                             0x080030fd   Thumb Code     0  idiv.o(.text)
    __aeabi_idivmod                          0x080030fd   Thumb Code    40  idiv.o(.text)
    __aeabi_llsl                             0x08003125   Thumb Code    32  llshl.o(.text)
    _ll_shift_l                              0x08003125   Thumb Code     0  llshl.o(.text)
    __aeabi_llsr                             0x08003145   Thumb Code    34  llushr.o(.text)
    _ll_ushift_r                             0x08003145   Thumb Code     0  llushr.o(.text)
    __aeabi_memcpy                           0x08003167   Thumb Code    36  memcpya.o(.text)
    __aeabi_memcpy4                          0x08003167   Thumb Code     0  memcpya.o(.text)
    __aeabi_memcpy8                          0x08003167   Thumb Code     0  memcpya.o(.text)
    __aeabi_memset                           0x0800318b   Thumb Code    14  memseta.o(.text)
    __aeabi_memset4                          0x0800318b   Thumb Code     0  memseta.o(.text)
    __aeabi_memset8                          0x0800318b   Thumb Code     0  memseta.o(.text)
    __aeabi_memclr                           0x08003199   Thumb Code     4  memseta.o(.text)
    __aeabi_memclr4                          0x08003199   Thumb Code     0  memseta.o(.text)
    __aeabi_memclr8                          0x08003199   Thumb Code     0  memseta.o(.text)
    _memset$wrapper                          0x0800319d   Thumb Code    18  memseta.o(.text)
    strcat                                   0x080031af   Thumb Code    24  strcat.o(.text)
    strncpy                                  0x080031c7   Thumb Code    26  strncpy.o(.text)
    strlen                                   0x080031e1   Thumb Code    14  strlen.o(.text)
    strcpy                                   0x080031ef   Thumb Code    18  strcpy.o(.text)
    __aeabi_fadd                             0x08003201   Thumb Code   162  fadd.o(.text)
    __aeabi_fsub                             0x080032a3   Thumb Code     8  fadd.o(.text)
    __aeabi_frsub                            0x080032ab   Thumb Code     8  fadd.o(.text)
    __aeabi_fmul                             0x080032b3   Thumb Code   122  fmul.o(.text)
    __aeabi_dadd                             0x0800332d   Thumb Code   328  dadd.o(.text)
    __aeabi_dsub                             0x08003475   Thumb Code    12  dadd.o(.text)
    __aeabi_drsub                            0x08003481   Thumb Code    12  dadd.o(.text)
    __aeabi_dmul                             0x08003491   Thumb Code   202  dmul.o(.text)
    __aeabi_ddiv                             0x08003561   Thumb Code   234  ddiv.o(.text)
    __aeabi_i2f                              0x08003651   Thumb Code    22  fflti.o(.text)
    __aeabi_ui2f                             0x08003667   Thumb Code    14  ffltui.o(.text)
    __aeabi_i2d                              0x08003675   Thumb Code    34  dflti.o(.text)
    __aeabi_ui2d                             0x0800369d   Thumb Code    24  dfltui.o(.text)
    __aeabi_f2uiz                            0x080036b9   Thumb Code    40  ffixui.o(.text)
    __aeabi_d2iz                             0x080036e1   Thumb Code    62  dfixi.o(.text)
    __aeabi_d2uiz                            0x08003729   Thumb Code    50  dfixui.o(.text)
    __aeabi_f2d                              0x08003765   Thumb Code    40  f2d.o(.text)
    __aeabi_cdcmpeq                          0x0800378d   Thumb Code     0  cdcmple.o(.text)
    __aeabi_cdcmple                          0x0800378d   Thumb Code    38  cdcmple.o(.text)
    __aeabi_cdrcmple                         0x080037b5   Thumb Code    38  cdrcmple.o(.text)
    __aeabi_d2f                              0x080037dd   Thumb Code    56  d2f.o(.text)
    __aeabi_lasr                             0x08003815   Thumb Code    38  llsshr.o(.text)
    _ll_sshift_r                             0x08003815   Thumb Code     0  llsshr.o(.text)
    __I$use$fp                               0x0800383b   Thumb Code     0  iusefp.o(.text)
    _float_round                             0x0800383b   Thumb Code    16  fepilogue.o(.text)
    _float_epilogue                          0x0800384b   Thumb Code   114  fepilogue.o(.text)
    _double_round                            0x080038bd   Thumb Code    26  depilogue.o(.text)
    _double_epilogue                         0x080038d7   Thumb Code   164  depilogue.o(.text)
    __scatterload                            0x0800397d   Thumb Code    28  init.o(.text)
    __scatterload_rt2                        0x0800397d   Thumb Code     0  init.o(.text)
    __decompress                             0x080039a1   Thumb Code     0  __dczerorl2.o(.text)
    __decompress1                            0x080039a1   Thumb Code    86  __dczerorl2.o(.text)
    __ARM_clz                                0x080039f7   Thumb Code    46  depilogue.o(i.__ARM_clz)
    __ARM_common_switch8                     0x08003a25   Thumb Code    26  lcd_display.o(i.__ARM_common_switch8)
    __scatterload_copy                       0x08003a3f   Thumb Code    14  handlers.o(i.__scatterload_copy)
    __scatterload_null                       0x08003a4d   Thumb Code     2  handlers.o(i.__scatterload_null)
    __scatterload_zeroinit                   0x08003a4f   Thumb Code    14  handlers.o(i.__scatterload_zeroinit)
    MS_Godic_VerySmall                       0x08003a98   Data        1372  fonts.o(.constdata)
    c_chFont1206                             0x08003ff4   Data        1164  fonts.o(.constdata)
    Region$$Table$$Base                      0x080044d0   Number         0  anon$$obj.o(Region$$Table)
    Region$$Table$$Limit                     0x080044f0   Number         0  anon$$obj.o(Region$$Table)
    lcd_lay_out_display                      0x2000002c   Data         160  lcd_display.o(.data)
    lcd_Disp_set                             0x200000cc   Data         780  lcd_display.o(.data)
    can_rxd_list                             0x200003d8   Data         600  drv_can.o(.data)
    SystemCoreClock                          0x20000640   Data           4  system_stm32f0xx.o(.data)
    AHBPrescTable                            0x20000644   Data          16  system_stm32f0xx.o(.data)
    sys                                      0x20000654   Data          44  config.o(.bss)
    font_set                                 0x200009d4   Data          16  lcd_display.o(.bss)
    disp_page                                0x200009e4   Data          20  lcd_display.o(.bss)
    RxMessage                                0x20000df8   Data          20  drv_can.o(.bss)
    rxd_data                                 0x20000e0c   Data          40  drv_can.o(.bss)
    CAN_rxd_queue                            0x20000e34   Data         804  can_queue.o(.bss)
    __initial_sp                             0x20001558   Data           0  startup_stm32f042.o(STACK)



==============================================================================

Memory Map of the image

  Image Entry point : 0x08002f11

  Load Region LR_1 (Base: 0x08000000, Size: 0x00004b44, Max: 0xffffffff, ABSOLUTE, COMPRESSED[0x00004678])

    Execution Region ER_RO (Base: 0x08000000, Size: 0x000044f0, Max: 0xffffffff, ABSOLUTE)

    Base Addr    Size         Type   Attr      Idx    E Section Name        Object

    0x08000000   0x000000c0   Data   RO          875    RESET               startup_stm32f042.o
    0x080000c0   0x00000000   Code   RO          906  * .ARM.Collect$$$$00000000  mc_p.l(entry.o)
    0x080000c0   0x00000004   Code   RO          963    .ARM.Collect$$$$00000001  mc_p.l(entry2.o)
    0x080000c4   0x00000004   Code   RO          966    .ARM.Collect$$$$00000004  mc_p.l(entry5.o)
    0x080000c8   0x00000000   Code   RO          968    .ARM.Collect$$$$00000008  mc_p.l(entry7b.o)
    0x080000c8   0x00000000   Code   RO          970    .ARM.Collect$$$$0000000A  mc_p.l(entry8b.o)
    0x080000c8   0x00000008   Code   RO          971    .ARM.Collect$$$$0000000B  mc_p.l(entry9a.o)
    0x080000d0   0x00000000   Code   RO          973    .ARM.Collect$$$$0000000D  mc_p.l(entry10a.o)
    0x080000d0   0x00000000   Code   RO          975    .ARM.Collect$$$$0000000F  mc_p.l(entry11a.o)
    0x080000d0   0x00000004   Code   RO          964    .ARM.Collect$$$$00002712  mc_p.l(entry2.o)
    0x080000d4   0x0000008c   Code   RO            3    .text               main.o
    0x08000160   0x00000148   Code   RO          164    .text               drv_system.o
    0x080002a8   0x000002a8   Code   RO          210    .text               function.o
    0x08000550   0x000002e0   Code   RO          231    .text               drv_spi.o
    0x08000830   0x00000658   Code   RO          299    .text               lcd_display.o
    0x08000e88   0x00000574   Code   RO          330    .text               ssd1306.o
    0x080013fc   0x00000298   Code   RO          352    .text               drv_can.o
    0x08001694   0x0000012a   Code   RO          386    .text               can_queue.o
    0x080017be   0x00000002   PAD
    0x080017c0   0x00000790   Code   RO          433    .text               stm32f0xx_can.o
    0x08001f50   0x00000504   Code   RO          613    .text               stm32f0xx_flash.o
    0x08002454   0x000001b4   Code   RO          633    .text               stm32f0xx_gpio.o
    0x08002608   0x00000088   Code   RO          693    .text               stm32f0xx_misc.o
    0x08002690   0x0000055c   Code   RO          733    .text               stm32f0xx_rcc.o
    0x08002bec   0x00000324   Code   RO          775    .text               stm32f0xx_spi.o
    0x08002f10   0x00000058   Code   RO          876  * .text               startup_stm32f042.o
    0x08002f68   0x00000168   Code   RO          882    .text               system_stm32f0xx.o
    0x080030d0   0x0000002c   Code   RO          909    .text               mc_p.l(uidiv.o)
    0x080030fc   0x00000028   Code   RO          911    .text               mc_p.l(idiv.o)
    0x08003124   0x00000020   Code   RO          913    .text               mc_p.l(llshl.o)
    0x08003144   0x00000022   Code   RO          915    .text               mc_p.l(llushr.o)
    0x08003166   0x00000024   Code   RO          917    .text               mc_p.l(memcpya.o)
    0x0800318a   0x00000024   Code   RO          919    .text               mc_p.l(memseta.o)
    0x080031ae   0x00000018   Code   RO          921    .text               mc_p.l(strcat.o)
    0x080031c6   0x0000001a   Code   RO          923    .text               mc_p.l(strncpy.o)
    0x080031e0   0x0000000e   Code   RO          925    .text               mc_p.l(strlen.o)
    0x080031ee   0x00000012   Code   RO          927    .text               mc_p.l(strcpy.o)
    0x08003200   0x000000b2   Code   RO          931    .text               mf_p.l(fadd.o)
    0x080032b2   0x0000007a   Code   RO          933    .text               mf_p.l(fmul.o)
    0x0800332c   0x00000164   Code   RO          935    .text               mf_p.l(dadd.o)
    0x08003490   0x000000d0   Code   RO          937    .text               mf_p.l(dmul.o)
    0x08003560   0x000000f0   Code   RO          939    .text               mf_p.l(ddiv.o)
    0x08003650   0x00000016   Code   RO          941    .text               mf_p.l(fflti.o)
    0x08003666   0x0000000e   Code   RO          943    .text               mf_p.l(ffltui.o)
    0x08003674   0x00000028   Code   RO          945    .text               mf_p.l(dflti.o)
    0x0800369c   0x0000001c   Code   RO          947    .text               mf_p.l(dfltui.o)
    0x080036b8   0x00000028   Code   RO          949    .text               mf_p.l(ffixui.o)
    0x080036e0   0x00000048   Code   RO          951    .text               mf_p.l(dfixi.o)
    0x08003728   0x0000003c   Code   RO          953    .text               mf_p.l(dfixui.o)
    0x08003764   0x00000028   Code   RO          955    .text               mf_p.l(f2d.o)
    0x0800378c   0x00000028   Code   RO          957    .text               mf_p.l(cdcmple.o)
    0x080037b4   0x00000028   Code   RO          959    .text               mf_p.l(cdrcmple.o)
    0x080037dc   0x00000038   Code   RO          961    .text               mf_p.l(d2f.o)
    0x08003814   0x00000026   Code   RO          977    .text               mc_p.l(llsshr.o)
    0x0800383a   0x00000000   Code   RO          979    .text               mc_p.l(iusefp.o)
    0x0800383a   0x00000082   Code   RO          980    .text               mf_p.l(fepilogue.o)
    0x080038bc   0x000000be   Code   RO          982    .text               mf_p.l(depilogue.o)
    0x0800397a   0x00000002   PAD
    0x0800397c   0x00000024   Code   RO          986    .text               mc_p.l(init.o)
    0x080039a0   0x00000056   Code   RO          996    .text               mc_p.l(__dczerorl2.o)
    0x080039f6   0x0000002e   Code   RO          984    i.__ARM_clz         mf_p.l(depilogue.o)
    0x08003a24   0x0000001a   Code   RO          319    i.__ARM_common_switch8  lcd_display.o
    0x08003a3e   0x0000000e   Code   RO          990    i.__scatterload_copy  mc_p.l(handlers.o)
    0x08003a4c   0x00000002   Code   RO          991    i.__scatterload_null  mc_p.l(handlers.o)
    0x08003a4e   0x0000000e   Code   RO          992    i.__scatterload_zeroinit  mc_p.l(handlers.o)
    0x08003a5c   0x0000003c   Data   RO          165    .constdata          drv_system.o
    0x08003a98   0x0000055c   Data   RO          254    .constdata          fonts.o
    0x08003ff4   0x0000048c   Data   RO          255    .constdata          fonts.o
    0x08004480   0x0000004d   Data   RO          301    .conststring        lcd_display.o
    0x080044cd   0x00000003   PAD
    0x080044d0   0x00000020   Data   RO          988    Region$$Table       anon$$obj.o


    Execution Region ER_RW (Base: 0x20000000, Size: 0x00000654, Max: 0xffffffff, ABSOLUTE, COMPRESSED[0x00000188])

    Base Addr    Size         Type   Attr      Idx    E Section Name        Object

    0x20000000   0x00000008   Data   RW          166    .data               drv_system.o
    0x20000008   0x00000004   Data   RW          211    .data               function.o
    0x2000000c   0x00000006   Data   RW          232    .data               drv_spi.o
    0x20000012   0x00000002   PAD
    0x20000014   0x000003c4   Data   RW          302    .data               lcd_display.o
    0x200003d8   0x00000258   Data   RW          356    .data               drv_can.o
    0x20000630   0x00000010   Data   RW          734    .data               stm32f0xx_rcc.o
    0x20000640   0x00000014   Data   RW          883    .data               system_stm32f0xx.o


    Execution Region ER_ZI (Base: 0x20000654, Size: 0x00000f04, Max: 0xffffffff, ABSOLUTE)

    Base Addr    Size         Type   Attr      Idx    E Section Name        Object

    0x20000654   0x0000002c   Zero   RW          190    .bss                config.o
    0x20000680   0x00000378   Zero   RW          300    .bss                lcd_display.o
    0x200009f8   0x00000400   Zero   RW          331    .bss                ssd1306.o
    0x20000df8   0x00000014   Zero   RW          353    .bss                drv_can.o
    0x20000e0c   0x00000028   Zero   RW          354    .bss                drv_can.o
    0x20000e34   0x00000324   Zero   RW          388    .bss                can_queue.o
    0x20001158   0x00000400   Zero   RW          873    STACK               startup_stm32f042.o


==============================================================================

Image component sizes


      Code (inc. data)   RO Data    RW Data    ZI Data      Debug   Object Name

       298          0          0          0        804       2562   can_queue.o
         0          0          0          0         44       1261   config.o
       664         36          0        600         60       4709   drv_can.o
       736         16          0          6          0       4011   drv_spi.o
       328         38         60          8          0       8299   drv_system.o
         0          0       2536          0          0        947   fonts.o
       680         66          0          4          0       3568   function.o
      1650         52         77        964        888       6876   lcd_display.o
       140          4          0          0          0     205670   main.o
      1396         34          0          0       1024       6598   ssd1306.o
        88         38        192          0       1024        660   startup_stm32f042.o
      1936         48          0          0          0       9676   stm32f0xx_can.o
      1284         24          0          0          0       8537   stm32f0xx_flash.o
       436         26          0          0          0       3965   stm32f0xx_gpio.o
       136         18          0          0          0       1540   stm32f0xx_misc.o
      1372         50          0         16          0       9800   stm32f0xx_rcc.o
       804         40          0          0          0       8211   stm32f0xx_spi.o
       360         28          0         20          0       1831   system_stm32f0xx.o

    ----------------------------------------------------------------------
     12310        518       2900       1620       3844     288721   Object Totals
         0          0         32          0          0          0   (incl. Generated)
         2          0          3          2          0          0   (incl. Padding)

    ----------------------------------------------------------------------

      Code (inc. data)   RO Data    RW Data    ZI Data      Debug   Library Member Name

        86          0          0          0          0          0   __dczerorl2.o
         0          0          0          0          0          0   entry.o
         0          0          0          0          0          0   entry10a.o
         0          0          0          0          0          0   entry11a.o
         8          4          0          0          0          0   entry2.o
         4          0          0          0          0          0   entry5.o
         0          0          0          0          0          0   entry7b.o
         0          0          0          0          0          0   entry8b.o
         8          4          0          0          0          0   entry9a.o
        30          0          0          0          0          0   handlers.o
        40          0          0          0          0         72   idiv.o
        36          8          0          0          0         68   init.o
         0          0          0          0          0          0   iusefp.o
        32          0          0          0          0         68   llshl.o
        38          0          0          0          0         68   llsshr.o
        34          0          0          0          0         68   llushr.o
        36          0          0          0          0         60   memcpya.o
        36          0          0          0          0        100   memseta.o
        24          0          0          0          0         60   strcat.o
        18          0          0          0          0         60   strcpy.o
        14          0          0          0          0         60   strlen.o
        26          0          0          0          0         68   strncpy.o
        44          0          0          0          0         72   uidiv.o
        40          2          0          0          0         68   cdcmple.o
        40          2          0          0          0         68   cdrcmple.o
        56          0          0          0          0         68   d2f.o
       356          4          0          0          0        140   dadd.o
       240          6          0          0          0         84   ddiv.o
       236          0          0          0          0        216   depilogue.o
        72         10          0          0          0         72   dfixi.o
        60         10          0          0          0         68   dfixui.o
        40          6          0          0          0         68   dflti.o
        28          4          0          0          0         68   dfltui.o
       208          6          0          0          0         88   dmul.o
        40          0          0          0          0         60   f2d.o
       178          0          0          0          0        108   fadd.o
       130          0          0          0          0        144   fepilogue.o
        40          0          0          0          0         60   ffixui.o
        22          0          0          0          0         68   fflti.o
        14          0          0          0          0         68   ffltui.o
       122          0          0          0          0         72   fmul.o

    ----------------------------------------------------------------------
      2438         66          0          0          0       2412   Library Totals
         2          0          0          0          0          0   (incl. Padding)

    ----------------------------------------------------------------------

      Code (inc. data)   RO Data    RW Data    ZI Data      Debug   Library Name

       514         16          0          0          0        824   mc_p.l
      1922         50          0          0          0       1588   mf_p.l

    ----------------------------------------------------------------------
      2438         66          0          0          0       2412   Library Totals

    ----------------------------------------------------------------------

==============================================================================


      Code (inc. data)   RO Data    RW Data    ZI Data      Debug   

     14748        584       2900       1620       3844     288437   Grand Totals
     14748        584       2900        392       3844     288437   ELF Image Totals (compressed)
     14748        584       2900        392          0          0   ROM Totals

==============================================================================

    Total RO  Size (Code + RO Data)                17648 (  17.23kB)
    Total RW  Size (RW Data + ZI Data)              5464 (   5.34kB)
    Total ROM Size (Code + RO Data + RW Data)      18040 (  17.62kB)

==============================================================================

