Component: ARM Compiler 5.05 update 2 (build 169) Tool: armlink [4d0f33]

==============================================================================

Section Cross References

    main.o(.text) refers to stm32f0xx_rcc.o(.text) for RCC_DeInit
    main.o(.text) refers to stm32f0xx_flash.o(.text) for FLASH_PrefetchBufferCmd
    main.o(.text) refers to drv_system.o(.text) for systemInit
    main.o(.text) refers to drv_spi.o(.text) for spiInit
    main.o(.text) refers to ssd1306.o(.text) for ssd1306_init
    main.o(.text) refers to drv_can.o(.text) for can_bus_init
    main.o(.text) refers to lcd_display.o(.text) for LCD_Value_Display
    main.o(.text) refers to function.o(.text) for loop_time_measuring
    main.o(.text) refers to main.o(.data) for .data
    main.o(.text) refers to config.o(.bss) for sys
    drv_system.o(.text) refers to stm32f0xx_rcc.o(.text) for RCC_GetClocksFreq
    drv_system.o(.text) refers to aeabi_sdiv.o(.text) for __aeabi_uidivmod
    drv_system.o(.text) refers to rt_memcpy.o(.emb_text) for __aeabi_memcpy4
    drv_system.o(.text) refers to stm32f0xx_gpio.o(.text) for GPIO_Init
    drv_system.o(.text) refers to drv_system.o(.data) for .data
    drv_system.o(.text) refers to drv_system.o(.constdata) for .constdata
    drv_system.o(.text) refers to system_stm32f0xx.o(.data) for SystemCoreClock
    function.o(.text) refers to drv_system.o(.text) for micros
    function.o(.text) refers to aeabi_sdiv.o(.text) for __aeabi_uidivmod
    function.o(.text) refers to ddiv.o(.text) for __aeabi_ddiv
    function.o(.text) refers to dlef.o(x$fpl$dleqf) for __aeabi_cdcmple
    function.o(.text) refers to daddsub.o(.text) for __aeabi_dadd
    function.o(.text) refers to dfixi.o(.text) for __aeabi_d2iz
    function.o(.text) refers to strcat.o(.text) for strcat
    function.o(.text) refers to drlef.o(x$fpl$drleqf) for __aeabi_cdrcmple
    function.o(.text) refers to dflti.o(.text) for __aeabi_ui2d
    function.o(.text) refers to dmul.o(.text) for __aeabi_dmul
    function.o(.text) refers to dfixui.o(.text) for __aeabi_d2uiz
    function.o(.text) refers to strlen.o(.text) for strlen
    function.o(.text) refers to strcpy.o(.text) for strcpy
    function.o(.text) refers to config.o(.bss) for sys
    function.o(.text) refers to function.o(.data) for .data
    drv_spi.o(.text) refers to stm32f0xx_rcc.o(.text) for RCC_APB2PeriphClockCmd
    drv_spi.o(.text) refers to stm32f0xx_gpio.o(.text) for GPIO_PinAFConfig
    drv_spi.o(.text) refers to stm32f0xx_spi.o(.text) for SPI_I2S_DeInit
    drv_spi.o(.text) refers to stm32f0xx_misc.o(.text) for NVIC_Init
    drv_spi.o(.text) refers to drv_spi.o(.data) for .data
    lcd_display.o(.text) refers to ssd1306.o(.text) for TFT_string
    lcd_display.o(.text) refers to drv_system.o(.text) for micros
    lcd_display.o(.text) refers to rt_memclr.o(.text) for __aeabi_memclr4
    lcd_display.o(.text) refers to fflti.o(.text) for __aeabi_ui2f
    lcd_display.o(.text) refers to faddsub.o(x$fpl$fadd) for __aeabi_fadd
    lcd_display.o(.text) refers to faddsub.o(x$fpl$frsb) for __aeabi_frsub
    lcd_display.o(.text) refers to lcd_display.o(i.__ARM_common_switch8) for __ARM_common_switch8
    lcd_display.o(.text) refers to dflti.o(.text) for __aeabi_ui2d
    lcd_display.o(.text) refers to ddiv.o(.text) for __aeabi_ddiv
    lcd_display.o(.text) refers to f2d.o(.text) for __aeabi_f2d
    lcd_display.o(.text) refers to drlef.o(x$fpl$drleqf) for __aeabi_cdrcmple
    lcd_display.o(.text) refers to dlef.o(x$fpl$dleqf) for __aeabi_cdcmple
    lcd_display.o(.text) refers to function.o(.text) for floatToString
    lcd_display.o(.text) refers to strlen.o(.text) for strlen
    lcd_display.o(.text) refers to aeabi_memset.o(.text) for __aeabi_memset
    lcd_display.o(.text) refers to config.o(.bss) for sys
    lcd_display.o(.text) refers to lcd_display.o(.bss) for .bss
    lcd_display.o(.text) refers to lcd_display.o(.data) for .data
    lcd_display.o(.text) refers to strncpy.o(.text) for strncpy
    lcd_display.o(.text) refers to strcat.o(.text) for strcat
    lcd_display.o(.text) refers to rt_memcpy.o(.emb_text) for __aeabi_memcpy4
    lcd_display.o(.data) refers to lcd_display.o(.conststring) for .conststring
    lcd_display.o(.data) refers to drv_can.o(.bss) for rxd_data
    lcd_display.o(.data) refers to config.o(.bss) for sys
    lcd_display.o(.data) refers to lcd_display.o(.text) for cycleTimmerClear
    ssd1306.o(.text) refers to drv_spi.o(.text) for SPI_SendByte
    ssd1306.o(.text) refers to fflti.o(.text) for __aeabi_i2f
    ssd1306.o(.text) refers to fmul.o(x$fpl$fmul) for __aeabi_fmul
    ssd1306.o(.text) refers to ffixui.o(.text) for __aeabi_f2uiz
    ssd1306.o(.text) refers to faddsub.o(x$fpl$fadd) for __aeabi_fadd
    ssd1306.o(.text) refers to ssd1306.o(.bss) for .bss
    ssd1306.o(.text) refers to lcd_display.o(.bss) for font_set
    ssd1306.o(.text) refers to fonts.o(.constdata) for MS_Godic_VerySmall
    ssd1306.o(.text) refers to fonts.o(.constdata) for c_chFont1206
[...]
    Removing stm32f0xx_tim.o(.revsh_text), (4 bytes).
    Removing stm32f0xx_tim.o(.text), (2508 bytes).
    Removing stm32f0xx_usart.o(.rev16_text), (4 bytes).
    Removing stm32f0xx_usart.o(.revsh_text), (4 bytes).
    Removing stm32f0xx_usart.o(.text), (1370 bytes).
    Removing stm32f0xx_wwdg.o(.rev16_text), (4 bytes).
    Removing stm32f0xx_wwdg.o(.revsh_text), (4 bytes).
    Removing stm32f0xx_wwdg.o(.text), (124 bytes).
    Removing system_stm32f0xx.o(.rev16_text), (4 bytes).
    Removing system_stm32f0xx.o(.revsh_text), (4 bytes).

92 unused section(s) (total 34895 bytes) removed from the image.

==============================================================================

Image Symbol Table

    Local Symbols

    Symbol Name                              Value     Ov Type        Size  Object(Section)

    ../clib/../cmprslib/zerorunl2.c          0x00000000   Number         0  __dczerorl2.o ABSOLUTE
    ../clib/angel/boardlib.s                 0x00000000   Number         0  boardinit3.o ABSOLUTE
    ../clib/angel/boardlib.s                 0x00000000   Number         0  boardinit2.o ABSOLUTE
    ../clib/angel/boardlib.s                 0x00000000   Number         0  boardinit1.o ABSOLUTE
    ../clib/angel/boardlib.s                 0x00000000   Number         0  boardshut.o ABSOLUTE
    ../clib/angel/handlers.s                 0x00000000   Number         0  __scatter_zi.o ABSOLUTE
    ../clib/angel/kernel.s                   0x00000000   Number         0  __rtentry.o ABSOLUTE
    ../clib/angel/kernel.s                   0x00000000   Number         0  rtexit.o ABSOLUTE
    ../clib/angel/kernel.s                   0x00000000   Number         0  rtexit2.o ABSOLUTE
    ../clib/angel/kernel.s                   0x00000000   Number         0  __rtentry4.o ABSOLUTE
    ../clib/angel/kernel.s                   0x00000000   Number         0  __rtentry2.o ABSOLUTE
    ../clib/angel/rt.s                       0x00000000   Number         0  rt_raise.o ABSOLUTE
    ../clib/angel/rt.s                       0x00000000   Number         0  rt_div0.o ABSOLUTE
    ../clib/angel/rt.s                       0x00000000   Number         0  aeabi_idiv0_sigfpe.o ABSOLUTE
    ../clib/angel/rt.s                       0x00000000   Number         0  aeabi_idiv0.o ABSOLUTE
    ../clib/angel/scatterp.s                 0x00000000   Number         0  __scatter.o ABSOLUTE
    ../clib/angel/startup.s                  0x00000000   Number         0  __main.o ABSOLUTE
    ../clib/angel/sys.s                      0x00000000   Number         0  tempstk.o ABSOLUTE
    ../clib/angel/sys.s                      0x00000000   Number         0  libspace.o ABSOLUTE
    ../clib/angel/sys.s                      0x00000000   Number         0  use_no_semi.o ABSOLUTE
    ../clib/angel/sys.s                      0x00000000   Number         0  indicate_semi.o ABSOLUTE
    ../clib/angel/sys.s                      0x00000000   Number         0  sys_stackheap_outer.o ABSOLUTE
    ../clib/angel/sysapp.c                   0x00000000   Number         0  sys_exit.o ABSOLUTE
    ../clib/angel/sysapp.c                   0x00000000   Number         0  sys_wrch.o ABSOLUTE
    ../clib/angel/sysapp.c                   0x00000000   Number         0  sys_command.o ABSOLUTE
    ../clib/armsys.c                         0x00000000   Number         0  argv_veneer.o ABSOLUTE
    ../clib/armsys.c                         0x00000000   Number         0  _get_argv_nomalloc.o ABSOLUTE
    ../clib/armsys.c                         0x00000000   Number         0  no_argv.o ABSOLUTE
    ../clib/division.s                       0x00000000   Number         0  aeabi_sdiv_div0.o ABSOLUTE
    ../clib/division.s                       0x00000000   Number         0  aeabi_sdiv.o ABSOLUTE
    ../clib/heapalloc.c                      0x00000000   Number         0  hrguard.o ABSOLUTE
    ../clib/heapaux.c                        0x00000000   Number         0  heapauxi.o ABSOLUTE
    ../clib/libinit.s                        0x00000000   Number         0  libinit.o ABSOLUTE
    ../clib/libinit.s                        0x00000000   Number         0  libshutdown.o ABSOLUTE
    ../clib/libinit.s                        0x00000000   Number         0  libinit2.o ABSOLUTE
    ../clib/libinit.s                        0x00000000   Number         0  libshutdown2.o ABSOLUTE
    ../clib/longlong.c                       0x00000000   Number         0  llshl.o ABSOLUTE
    ../clib/longlong.c                       0x00000000   Number         0  llushr.o ABSOLUTE
    ../clib/memcpset.c                       0x00000000   Number         0  rt_memclr.o ABSOLUTE
    ../clib/memcpset.c                       0x00000000   Number         0  aeabi_memset.o ABSOLUTE
    ../clib/memcpset.c                       0x00000000   Number         0  rt_memcpy.o ABSOLUTE
    ../clib/memcpset.c                       0x00000000   Number         0  rt_memcpy.o ABSOLUTE
    ../clib/signal.c                         0x00000000   Number         0  defsig_abrt_inner.o ABSOLUTE
    ../clib/signal.c                         0x00000000   Number         0  defsig_rtred_inner.o ABSOLUTE
    ../clib/signal.c                         0x00000000   Number         0  defsig_rtmem_inner.o ABSOLUTE
    ../clib/signal.c                         0x00000000   Number         0  __raise.o ABSOLUTE
    ../clib/signal.c                         0x00000000   Number         0  defsig_rtmem_outer.o ABSOLUTE
    ../clib/signal.c                         0x00000000   Number         0  defsig_rtmem_formal.o ABSOLUTE
    ../clib/signal.c                         0x00000000   Number         0  defsig_cppl_inner.o ABSOLUTE
    ../clib/signal.c                         0x00000000   Number         0  defsig_fpe_formal.o ABSOLUTE
    ../clib/signal.c                         0x00000000   Number         0  defsig_fpe_outer.o ABSOLUTE
    ../clib/signal.c                         0x00000000   Number         0  defsig_exit.o ABSOLUTE
    ../clib/signal.c                         0x00000000   Number         0  defsig_other.o ABSOLUTE
    ../clib/signal.c                         0x00000000   Number         0  defsig_stak_inner.o ABSOLUTE
    ../clib/signal.c                         0x00000000   Number         0  defsig_pvfn_inner.o ABSOLUTE
    ../clib/signal.c                         0x00000000   Number         0  defsig_segv_inner.o ABSOLUTE
    ../clib/signal.c                         0x00000000   Number         0  defsig_fpe_inner.o ABSOLUTE
    ../clib/signal.c                         0x00000000   Number         0  defsig_general.o ABSOLUTE
    ../clib/signal.s                         0x00000000   Number         0  defsig.o ABSOLUTE
    ../clib/stdlib.c                         0x00000000   Number         0  exit.o ABSOLUTE
    ../clib/string.c                         0x00000000   Number         0  strcpy.o ABSOLUTE
    ../clib/string.c                         0x00000000   Number         0  strlen.o ABSOLUTE
    ../clib/string.c                         0x00000000   Number         0  strncpy.o ABSOLUTE
    ../clib/string.c                         0x00000000   Number         0  strcat.o ABSOLUTE
    ../fplib/cfplib/cmpret.c                 0x00000000   Number         0  cmpret.o ABSOLUTE
    ../fplib/cfplib/d2f.c                    0x00000000   Number         0  d2f.o ABSOLUTE
    ../fplib/cfplib/daddsub.c                0x00000000   Number         0  daddsub.o ABSOLUTE
    ../fplib/cfplib/dcmpin.c                 0x00000000   Number         0  dcmpin.o ABSOLUTE
    ../fplib/cfplib/ddiv.c                   0x00000000   Number         0  ddiv.o ABSOLUTE
    ../fplib/cfplib/dmul.c                   0x00000000   Number         0  dmul.o ABSOLUTE
    ../fplib/cfplib/f2d.c                    0x00000000   Number         0  f2d.o ABSOLUTE
    ../fplib/cfplib/ffix.c                   0x00000000   Number         0  dfixi.o ABSOLUTE
    ../fplib/cfplib/ffix.c                   0x00000000   Number         0  ffixui.o ABSOLUTE
    ../fplib/cfplib/ffix.c                   0x00000000   Number         0  dfixui.o ABSOLUTE
    ../fplib/cfplib/fflt.c                   0x00000000   Number         0  dflti.o ABSOLUTE
    ../fplib/cfplib/fflt.c                   0x00000000   Number         0  fflti.o ABSOLUTE
    ../fplib/cfplib/fpinit.c                 0x00000000   Number         0  fpinit.o ABSOLUTE
    ../fplib/cfplib/nan2.c                   0x00000000   Number         0  dnan2.o ABSOLUTE
    ../fplib/cfplib/retnan.c                 0x00000000   Number         0  retnan.o ABSOLUTE
    ../fplib/dleqf6m.s                       0x00000000   Number         0  dlef.o ABSOLUTE
    ../fplib/drleqf6m.s                      0x00000000   Number         0  drlef.o ABSOLUTE
    ../fplib/faddsub6m.s                     0x00000000   Number         0  faddsub.o ABSOLUTE
    ../fplib/fmul6m.s                        0x00000000   Number         0  fmul.o ABSOLUTE
    ../fplib/usenofp.s                       0x00000000   Number         0  usenofp.o ABSOLUTE
    Libraries\STM32F0xx_StdPeriph_Driver\src\stm32f0xx_adc.c 0x00000000   Number         0  stm32f0xx_adc.o ABSOLUTE
    Libraries\STM32F0xx_StdPeriph_Driver\src\stm32f0xx_can.c 0x00000000   Number         0  stm32f0xx_can.o ABSOLUTE
    Libraries\STM32F0xx_StdPeriph_Driver\src\stm32f0xx_cec.c 0x00000000   Number         0  stm32f0xx_cec.o ABSOLUTE
    Libraries\STM32F0xx_StdPeriph_Driver\src\stm32f0xx_comp.c 0x00000000   Number         0  stm32f0xx_comp.o ABSOLUTE
    Libraries\STM32F0xx_StdPeriph_Driver\src\stm32f0xx_crc.c 0x00000000   Number         0  stm32f0xx_crc.o ABSOLUTE
    Libraries\STM32F0xx_StdPeriph_Driver\src\stm32f0xx_crs.c 0x00000000   Number         0  stm32f0xx_crs.o ABSOLUTE
    Libraries\STM32F0xx_StdPeriph_Driver\src\stm32f0xx_dac.c 0x00000000   Number         0  stm32f0xx_dac.o ABSOLUTE
    Libraries\STM32F0xx_StdPeriph_Driver\src\stm32f0xx_dbgmcu.c 0x00000000   Number         0  stm32f0xx_dbgmcu.o ABSOLUTE
    Libraries\STM32F0xx_StdPeriph_Driver\src\stm32f0xx_dma.c 0x00000000   Number         0  stm32f0xx_dma.o ABSOLUTE
    Libraries\STM32F0xx_StdPeriph_Driver\src\stm32f0xx_exti.c 0x00000000   Number         0  stm32f0xx_exti.o ABSOLUTE
    Libraries\STM32F0xx_StdPeriph_Driver\src\stm32f0xx_flash.c 0x00000000   Number         0  stm32f0xx_flash.o ABSOLUTE
    Libraries\STM32F0xx_StdPeriph_Driver\src\stm32f0xx_gpio.c 0x00000000   Number         0  stm32f0xx_gpio.o ABSOLUTE
    Libraries\STM32F0xx_StdPeriph_Driver\src\stm32f0xx_i2c.c 0x00000000   Number         0  stm32f0xx_i2c.o ABSOLUTE
    Libraries\STM32F0xx_StdPeriph_Driver\src\stm32f0xx_iwdg.c 0x00000000   Number         0  stm32f0xx_iwdg.o ABSOLUTE
    Libraries\STM32F0xx_StdPeriph_Driver\src\stm32f0xx_misc.c 0x00000000   Number         0  stm32f0xx_misc.o ABSOLUTE
    Libraries\STM32F0xx_StdPeriph_Driver\src\stm32f0xx_pwr.c 0x00000000   Number         0  stm32f0xx_pwr.o ABSOLUTE
    Libraries\STM32F0xx_StdPeriph_Driver\src\stm32f0xx_rcc.c 0x00000000   Number         0  stm32f0xx_rcc.o ABSOLUTE
    Libraries\STM32F0xx_StdPeriph_Driver\src\stm32f0xx_rtc.c 0x00000000   Number         0  stm32f0xx_rtc.o ABSOLUTE
    Libraries\STM32F0xx_StdPeriph_Driver\src\stm32f0xx_spi.c 0x00000000   Number         0  stm32f0xx_spi.o ABSOLUTE
    Libraries\STM32F0xx_StdPeriph_Driver\src\stm32f0xx_syscfg.c 0x00000000   Number         0  stm32f0xx_syscfg.o ABSOLUTE
    Libraries\STM32F0xx_StdPeriph_Driver\src\stm32f0xx_tim.c 0x00000000   Number         0  stm32f0xx_tim.o ABSOLUTE
    Libraries\STM32F0xx_StdPeriph_Driver\src\stm32f0xx_usart.c 0x00000000   Number         0  stm32f0xx_usart.o ABSOLUTE
    Libraries\STM32F0xx_StdPeriph_Driver\src\stm32f0xx_wwdg.c 0x00000000   Number         0  stm32f0xx_wwdg.o ABSOLUTE
    Libraries\\STM32F0xx_StdPeriph_Driver\\src\\stm32f0xx_adc.c 0x00000000   Number         0  stm32f0xx_adc.o ABSOLUTE
    Libraries\\STM32F0xx_StdPeriph_Driver\\src\\stm32f0xx_can.c 0x00000000   Number         0  stm32f0xx_can.o ABSOLUTE
    Libraries\\STM32F0xx_StdPeriph_Driver\\src\\stm32f0xx_cec.c 0x00000000   Number         0  stm32f0xx_cec.o ABSOLUTE
    Libraries\\STM32F0xx_StdPeriph_Driver\\src\\stm32f0xx_comp.c 0x00000000   Number         0  stm32f0xx_comp.o ABSOLUTE
    Libraries\\STM32F0xx_StdPeriph_Driver\\src\\stm32f0xx_crc.c 0x00000000   Number         0  stm32f0xx_crc.o ABSOLUTE
    Libraries\\STM32F0xx_StdPeriph_Driver\\src\\stm32f0xx_crs.c 0x00000000   Number         0  stm32f0xx_crs.o ABSOLUTE
    Libraries\\STM32F0xx_StdPeriph_Driver\\src\\stm32f0xx_dac.c 0x00000000   Number         0  stm32f0xx_dac.o ABSOLUTE
    Libraries\\STM32F0xx_StdPeriph_Driver\\src\\stm32f0xx_dbgmcu.c 0x00000000   Number         0  stm32f0xx_dbgmcu.o ABSOLUTE
    Libraries\\STM32F0xx_StdPeriph_Driver\\src\\stm32f0xx_dma.c 0x00000000   Number         0  stm32f0xx_dma.o ABSOLUTE
    Libraries\\STM32F0xx_StdPeriph_Driver\\src\\stm32f0xx_exti.c 0x00000000   Number         0  stm32f0xx_exti.o ABSOLUTE
    Libraries\\STM32F0xx_StdPeriph_Driver\\src\\stm32f0xx_flash.c 0x00000000   Number         0  stm32f0xx_flash.o ABSOLUTE
    Libraries\\STM32F0xx_StdPeriph_Driver\\src\\stm32f0xx_gpio.c 0x00000000   Number         0  stm32f0xx_gpio.o ABSOLUTE
    Libraries\\STM32F0xx_StdPeriph_Driver\\src\\stm32f0xx_i2c.c 0x00000000   Number         0  stm32f0xx_i2c.o ABSOLUTE
    Libraries\\STM32F0xx_StdPeriph_Driver\\src\\stm32f0xx_iwdg.c 0x00000000   Number         0  stm32f0xx_iwdg.o ABSOLUTE
    Libraries\\STM32F0xx_StdPeriph_Driver\\src\\stm32f0xx_misc.c 0x00000000   Number         0  stm32f0xx_misc.o ABSOLUTE
    Libraries\\STM32F0xx_StdPeriph_Driver\\src\\stm32f0xx_pwr.c 0x00000000   Number         0  stm32f0xx_pwr.o ABSOLUTE
    Libraries\\STM32F0xx_StdPeriph_Driver\\src\\stm32f0xx_rcc.c 0x00000000   Number         0  stm32f0xx_rcc.o ABSOLUTE
    Libraries\\STM32F0xx_StdPeriph_Driver\\src\\stm32f0xx_rtc.c 0x00000000   Number         0  stm32f0xx_rtc.o ABSOLUTE
    Libraries\\STM32F0xx_StdPeriph_Driver\\src\\stm32f0xx_spi.c 0x00000000   Number         0  stm32f0xx_spi.o ABSOLUTE
    Libraries\\STM32F0xx_StdPeriph_Driver\\src\\stm32f0xx_syscfg.c 0x00000000   Number         0  stm32f0xx_syscfg.o ABSOLUTE
    Libraries\\STM32F0xx_StdPeriph_Driver\\src\\stm32f0xx_tim.c 0x00000000   Number         0  stm32f0xx_tim.o ABSOLUTE
    Libraries\\STM32F0xx_StdPeriph_Driver\\src\\stm32f0xx_usart.c 0x00000000   Number         0  stm32f0xx_usart.o ABSOLUTE
    Libraries\\STM32F0xx_StdPeriph_Driver\\src\\stm32f0xx_wwdg.c 0x00000000   Number         0  stm32f0xx_wwdg.o ABSOLUTE
    RTE\Device\STM32F042F6\startup_stm32f042.s 0x00000000   Number         0  startup_stm32f042.o ABSOLUTE
    RTE\Device\STM32F042F6\system_stm32f0xx.c 0x00000000   Number         0  system_stm32f0xx.o ABSOLUTE
    RTE\\Device\\STM32F042F6\\system_stm32f0xx.c 0x00000000   Number         0  system_stm32f0xx.o ABSOLUTE
    SSD1306\Fonts.c                          0x00000000   Number         0  fonts.o ABSOLUTE
    SSD1306\SSD1306.c                        0x00000000   Number         0  ssd1306.o ABSOLUTE
    SSD1306\\Fonts.c                         0x00000000   Number         0  fonts.o ABSOLUTE
    SSD1306\\SSD1306.c                       0x00000000   Number         0  ssd1306.o ABSOLUTE
    SSD1306\\lcd_Display.c                   0x00000000   Number         0  lcd_display.o ABSOLUTE
    SSD1306\lcd_Display.c                    0x00000000   Number         0  lcd_display.o ABSOLUTE
    Source\\can_queue.c                      0x00000000   Number         0  can_queue.o ABSOLUTE
    Source\\config.c                         0x00000000   Number         0  config.o ABSOLUTE
    Source\\drv_can.c                        0x00000000   Number         0  drv_can.o ABSOLUTE
    Source\\drv_spi.c                        0x00000000   Number         0  drv_spi.o ABSOLUTE
    Source\\drv_system.c                     0x00000000   Number         0  drv_system.o ABSOLUTE
    Source\\function.c                       0x00000000   Number         0  function.o ABSOLUTE
    Source\\main.c                           0x00000000   Number         0  main.o ABSOLUTE
    Source\can_queue.c                       0x00000000   Number         0  can_queue.o ABSOLUTE
    Source\config.c                          0x00000000   Number         0  config.o ABSOLUTE
    Source\drv_can.c                         0x00000000   Number         0  drv_can.o ABSOLUTE
    Source\drv_spi.c                         0x00000000   Number         0  drv_spi.o ABSOLUTE
    Source\drv_system.c                      0x00000000   Number         0  drv_system.o ABSOLUTE
    Source\function.c                        0x00000000   Number         0  function.o ABSOLUTE
    Source\main.c                            0x00000000   Number         0  main.o ABSOLUTE
    dc.s                                     0x00000000   Number         0  dc.o ABSOLUTE
    RESET                                    0x08000000   Section      192  startup_stm32f042.o(RESET)
    !!!main                                  0x080000c0   Section        8  __main.o(!!!main)
    !!!scatter                               0x080000c8   Section       60  __scatter.o(!!!scatter)
    !!handler_zi                             0x08000104   Section       28  __scatter_zi.o(!!handler_zi)
    .ARM.Collect$$libinit$$00000000          0x08000120   Section        2  libinit.o(.ARM.Collect$$libinit$$00000000)
    .ARM.Collect$$libinit$$00000002          0x08000122   Section        0  libinit2.o(.ARM.Collect$$libinit$$00000002)
    .ARM.Collect$$libinit$$00000004          0x08000122   Section        0  libinit2.o(.ARM.Collect$$libinit$$00000004)
    .ARM.Collect$$libinit$$0000000A          0x08000122   Section        0  libinit2.o(.ARM.Collect$$libinit$$0000000A)
    .ARM.Collect$$libinit$$0000000C          0x08000122   Section        0  libinit2.o(.ARM.Collect$$libinit$$0000000C)
    .ARM.Collect$$libinit$$0000000E          0x08000122   Section        0  libinit2.o(.ARM.Collect$$libinit$$0000000E)
    .ARM.Collect$$libinit$$00000011          0x08000122   Section        0  libinit2.o(.ARM.Collect$$libinit$$00000011)
    .ARM.Collect$$libinit$$00000013          0x08000122   Section        0  libinit2.o(.ARM.Collect$$libinit$$00000013)
    .ARM.Collect$$libinit$$00000015          0x08000122   Section        0  libinit2.o(.ARM.Collect$$libinit$$00000015)
    .ARM.Collect$$libinit$$00000017          0x08000122   Section        0  libinit2.o(.ARM.Collect$$libinit$$00000017)
    .ARM.Collect$$libinit$$00000019          0x08000122   Section        0  libinit2.o(.ARM.Collect$$libinit$$00000019)
    .ARM.Collect$$libinit$$0000001B          0x08000122   Section        0  libinit2.o(.ARM.Collect$$libinit$$0000001B)
    .ARM.Collect$$libinit$$0000001D          0x08000122   Section        0  libinit2.o(.ARM.Collect$$libinit$$0000001D)
    .ARM.Collect$$libinit$$0000001F          0x08000122   Section        0  libinit2.o(.ARM.Collect$$libinit$$0000001F)
    .ARM.Collect$$libinit$$00000021          0x08000122   Section        0  libinit2.o(.ARM.Collect$$libinit$$00000021)
    .ARM.Collect$$libinit$$00000023          0x08000122   Section        0  libinit2.o(.ARM.Collect$$libinit$$00000023)
    .ARM.Collect$$libinit$$00000025          0x08000122   Section        0  libinit2.o(.ARM.Collect$$libinit$$00000025)
    .ARM.Collect$$libinit$$0000002C          0x08000122   Section        0  libinit2.o(.ARM.Collect$$libinit$$0000002C)
    .ARM.Collect$$libinit$$0000002E          0x08000122   Section        0  libinit2.o(.ARM.Collect$$libinit$$0000002E)
    .ARM.Collect$$libinit$$00000030          0x08000122   Section        0  libinit2.o(.ARM.Collect$$libinit$$00000030)
    .ARM.Collect$$libinit$$00000032          0x08000122   Section        0  libinit2.o(.ARM.Collect$$libinit$$00000032)
    .ARM.Collect$$libinit$$00000033          0x08000122   Section        2  libinit2.o(.ARM.Collect$$libinit$$00000033)
    .ARM.Collect$$libshutdown$$00000000      0x08000124   Section        2  libshutdown.o(.ARM.Collect$$libshutdown$$00000000)
    .ARM.Collect$$libshutdown$$00000003      0x08000126   Section        0  libshutdown2.o(.ARM.Collect$$libshutdown$$00000003)
    .ARM.Collect$$libshutdown$$00000006      0x08000126   Section        0  libshutdown2.o(.ARM.Collect$$libshutdown$$00000006)
    .ARM.Collect$$libshutdown$$00000009      0x08000126   Section        0  libshutdown2.o(.ARM.Collect$$libshutdown$$00000009)
    .ARM.Collect$$libshutdown$$0000000B      0x08000126   Section        0  libshutdown2.o(.ARM.Collect$$libshutdown$$0000000B)
    .ARM.Collect$$libshutdown$$0000000E      0x08000126   Section        0  libshutdown2.o(.ARM.Collect$$libshutdown$$0000000E)
    .ARM.Collect$$libshutdown$$0000000F      0x08000126   Section        2  libshutdown2.o(.ARM.Collect$$libshutdown$$0000000F)
    .ARM.Collect$$rtentry$$00000000          0x08000128   Section        0  __rtentry.o(.ARM.Collect$$rtentry$$00000000)
    .ARM.Collect$$rtentry$$00000002          0x08000128   Section        0  __rtentry2.o(.ARM.Collect$$rtentry$$00000002)
    .ARM.Collect$$rtentry$$00000004          0x08000128   Section        6  __rtentry4.o(.ARM.Collect$$rtentry$$00000004)
    .ARM.Collect$$rtentry$$00000009          0x0800012e   Section        0  __rtentry2.o(.ARM.Collect$$rtentry$$00000009)
    .ARM.Collect$$rtentry$$0000000A          0x0800012e   Section        4  __rtentry2.o(.ARM.Collect$$rtentry$$0000000A)
    .ARM.Collect$$rtentry$$0000000C          0x08000132   Section        0  __rtentry2.o(.ARM.Collect$$rtentry$$0000000C)
    .ARM.Collect$$rtentry$$0000000D          0x08000132   Section        8  __rtentry2.o(.ARM.Collect$$rtentry$$0000000D)
    .ARM.Collect$$rtexit$$00000000           0x0800013a   Section        2  rtexit.o(.ARM.Collect$$rtexit$$00000000)
    .ARM.Collect$$rtexit$$00000002           0x0800013c   Section        0  rtexit2.o(.ARM.Collect$$rtexit$$00000002)
    .ARM.Collect$$rtexit$$00000003           0x0800013c   Section        4  rtexit2.o(.ARM.Collect$$rtexit$$00000003)
    .ARM.Collect$$rtexit$$00000004           0x08000140   Section        6  rtexit2.o(.ARM.Collect$$rtexit$$00000004)
    .emb_text                                0x08000148   Section       56  rt_memcpy.o(.emb_text)
    .text                                    0x08000180   Section        0  main.o(.text)
    .text                                    0x08000248   Section        0  drv_system.o(.text)
    cycleCounterInit                         0x08000249   Thumb Code    26  drv_system.o(.text)
    .text                                    0x08000398   Section        0  function.o(.text)
    i2a                                      0x08000407   Thumb Code    38  function.o(.text)
    .text                                    0x08000640   Section        0  drv_spi.o(.text)
    .text                                    0x08000920   Section        0  lcd_display.o(.text)
    .text                                    0x08000f78   Section        0  ssd1306.o(.text)
    ssd1306_write_byte                       0x08001093   Thumb Code    38  ssd1306.o(.text)
    .text                                    0x080014ec   Section        0  drv_can.o(.text)
    CAN_Config                               0x080014ed   Thumb Code   172  drv_can.o(.text)
    data_set_value                           0x080015af   Thumb Code   234  drv_can.o(.text)
    CAN_RXD_data_update                      0x08001699   Thumb Code   120  drv_can.o(.text)
    .text                                    0x0800178c   Section        0  can_queue.o(.text)
    .text                                    0x080018b8   Section        0  stm32f0xx_can.o(.text)
    CheckITStatus                            0x08001ec1   Thumb Code    12  stm32f0xx_can.o(.text)
    .text                                    0x08002048   Section        0  stm32f0xx_flash.o(.text)
    .text                                    0x0800254c   Section        0  stm32f0xx_gpio.o(.text)
    .text                                    0x08002700   Section        0  stm32f0xx_misc.o(.text)
    .text                                    0x08002788   Section        0  stm32f0xx_rcc.o(.text)
    .text                                    0x08002ce4   Section        0  stm32f0xx_spi.o(.text)
    .text                                    0x08003008   Section      116  startup_stm32f042.o(.text)
    .text                                    0x0800307c   Section        0  system_stm32f0xx.o(.text)
    SetSysClock                              0x0800307d   Thumb Code   148  system_stm32f0xx.o(.text)
    .text                                    0x080031e4   Section        0  llshl.o(.text)
    .text                                    0x08003204   Section        0  llushr.o(.text)
    .text                                    0x08003228   Section        0  strcpy.o(.text)
    .text                                    0x08003274   Section        0  strlen.o(.text)
    .text                                    0x080032b8   Section        0  strcat.o(.text)
    .text                                    0x080032d0   Section        0  aeabi_memset.o(.text)
    .text                                    0x080032e2   Section        0  rt_memclr.o(.text)
    .text                                    0x08003324   Section        0  strncpy.o(.text)
    .text                                    0x08003390   Section      346  aeabi_sdiv.o(.text)
    .text                                    0x080034ea   Section        0  heapauxi.o(.text)
    .text                                    0x080034f0   Section        0  d2f.o(.text)
    .text                                    0x0800356c   Section        0  daddsub.o(.text)
    _dadd1                                   0x0800356d   Thumb Code   290  daddsub.o(.text)
    _dsub1                                   0x0800368f   Thumb Code   470  daddsub.o(.text)
    .text                                    0x080038c4   Section        0  ddiv.o(.text)
    .text                                    0x08003d0c   Section        0  dfixi.o(.text)
    .text                                    0x08003d78   Section        0  dfixui.o(.text)
    .text                                    0x08003dc0   Section        0  dflti.o(.text)
    .text                                    0x08003e18   Section        0  dmul.o(.text)
    .text                                    0x08004060   Section        0  f2d.o(.text)
    .text                                    0x080040b4   Section        0  ffixui.o(.text)
    .text                                    0x080040e4   Section        0  fflti.o(.text)
    .text                                    0x08004144   Section        0  dcmpin.o(.text)
    .text                                    0x080041d4   Section        0  cmpret.o(.text)
    .text                                    0x08004204   Section        0  dnan2.o(.text)
    .text                                    0x08004218   Section       62  sys_stackheap_outer.o(.text)
    .text                                    0x08004256   Section        0  exit.o(.text)
    .text                                    0x08004262   Section        0  retnan.o(.text)
    .text                                    0x080042c0   Section        8  libspace.o(.text)
    .text                                    0x080042c8   Section        0  sys_exit.o(.text)
    .text                                    0x080042d4   Section        2  use_no_semi.o(.text)
    .text                                    0x080042d6   Section        0  __dczerorl2.o(.text)
    .text                                    0x080042d6   Section        0  indicate_semi.o(.text)
    i.__ARM_common_switch8                   0x0800432c   Section        0  lcd_display.o(i.__ARM_common_switch8)
    x$fpl$dleqf                              0x08004348   Section      100  dlef.o(x$fpl$dleqf)
    x$fpl$drleqf                             0x080043ac   Section      104  drlef.o(x$fpl$drleqf)
    x$fpl$fadd                               0x08004414   Section      140  faddsub.o(x$fpl$fadd)
    _fadd1                                   0x08004421   Thumb Code     0  faddsub.o(x$fpl$fadd)
    x$fpl$fmul                               0x080044a0   Section      176  fmul.o(x$fpl$fmul)
    x$fpl$frsb                               0x08004550   Section       24  faddsub.o(x$fpl$frsb)
    x$fpl$fsub                               0x08004568   Section      208  faddsub.o(x$fpl$fsub)
    _fsub1                                   0x08004575   Thumb Code     0  faddsub.o(x$fpl$fsub)
    .constdata                               0x08004638   Section       60  drv_system.o(.constdata)
    x$fpl$usenofp                            0x08004638   Section        0  usenofp.o(x$fpl$usenofp)
    .constdata                               0x08004674   Section     1372  fonts.o(.constdata)
    .constdata                               0x08004bd0   Section     1164  fonts.o(.constdata)
    .constdata                               0x0800505c   Section      128  ddiv.o(.constdata)
    ddiv_reciptbl                            0x0800505c   Data         128  ddiv.o(.constdata)
    .conststring                             0x080050dc   Section       47  lcd_display.o(.conststring)
    .data                                    0x20000000   Section       12  main.o(.data)
    actionTime                               0x20000000   Data           4  main.o(.data)
    elapsedTime                              0x20000004   Data           4  main.o(.data)
    oldTime                                  0x20000008   Data           4  main.o(.data)
    .data                                    0x2000000c   Section        8  drv_system.o(.data)
    usTicks                                  0x2000000c   Data           4  drv_system.o(.data)
    sysTickUptime                            0x20000010   Data           4  drv_system.o(.data)
    .data                                    0x20000014   Section        4  function.o(.data)
    beforTime                                0x20000014   Data           4  function.o(.data)
    .data                                    0x20000018   Section        6  drv_spi.o(.data)
    spi1ErrorCount                           0x20000018   Data           2  drv_spi.o(.data)
    spi2ErrorCount                           0x2000001a   Data           2  drv_spi.o(.data)
    spi3ErrorCount                           0x2000001c   Data           2  drv_spi.o(.data)
    .data                                    0x20000020   Section      340  lcd_display.o(.data)
    i                                        0x20000020   Data           1  lcd_display.o(.data)
    vr_offset                                0x20000022   Data           2  lcd_display.o(.data)
    st_duty                                  0x20000024   Data           2  lcd_display.o(.data)
    st_freq                                  0x20000026   Data           2  lcd_display.o(.data)
    st_mVrms                                 0x20000028   Data           2  lcd_display.o(.data)
    vr_rpm                                   0x2000002a   Data           2  lcd_display.o(.data)
    beforTime                                0x2000002c   Data           4  lcd_display.o(.data)
    vr_freq                                  0x20000030   Data           4  lcd_display.o(.data)
    vr_gain                                  0x20000034   Data           4  lcd_display.o(.data)
    .data                                    0x20000178   Section       40  drv_can.o(.data)
    .data                                    0x200001a0   Section       16  stm32f0xx_rcc.o(.data)
    APBAHBPrescTable                         0x200001a0   Data          16  stm32f0xx_rcc.o(.data)
    .data                                    0x200001b0   Section       20  system_stm32f0xx.o(.data)
    .bss                                     0x200001c4   Section       44  config.o(.bss)
    .bss                                     0x200001f0   Section      888  lcd_display.o(.bss)
    display_area                             0x200001f0   Data          30  lcd_display.o(.bss)
    displayTime                              0x20000210   Data         120  lcd_display.o(.bss)
    startFlag                                0x20000288   Data          30  lcd_display.o(.bss)
    beforStrLens                             0x200002a6   Data          30  lcd_display.o(.bss)
    beforValueString                         0x200002c4   Data         600  lcd_display.o(.bss)
    value_str_buff                           0x2000051c   Data          20  lcd_display.o(.bss)
    clear_str_buff                           0x20000530   Data          20  lcd_display.o(.bss)
    .bss                                     0x20000568   Section     1024  ssd1306.o(.bss)
    s_chDispalyBuffer                        0x20000568   Data        1024  ssd1306.o(.bss)
    .bss                                     0x20000968   Section       20  drv_can.o(.bss)
    .bss                                     0x2000097c   Section       32  drv_can.o(.bss)
    .bss                                     0x2000099c   Section      204  can_queue.o(.bss)
    .bss                                     0x20000a68   Section       96  libspace.o(.bss)
    HEAP                                     0x20000ac8   Section      512  startup_stm32f042.o(HEAP)
    Heap_Mem                                 0x20000ac8   Data         512  startup_stm32f042.o(HEAP)
    STACK                                    0x20000cc8   Section     1024  startup_stm32f042.o(STACK)
    Stack_Mem                                0x20000cc8   Data        1024  startup_stm32f042.o(STACK)
    __initial_sp                             0x200010c8   Data           0  startup_stm32f042.o(STACK)

    Global Symbols

    Symbol Name                              Value     Ov Type        Size  Object(Section)

    BuildAttributes$$THM_ISAv3M$S$PE$A:L22$X:L11$S22$IEEE1$IW$USESV6$~STKCKD$USESV7$~SHL$OSPACE$ROPI$EBA8$UX$STANDARDLIB$REQ8$PRES8$EABIv2 0x00000000   Number         0  anon$$obj.o ABSOLUTE
    __ARM_use_no_argv                        0x00000000   Number         0  main.o ABSOLUTE
    __ARM_exceptions_init                     - Undefined Weak Reference
    __alloca_initialize                       - Undefined Weak Reference
    __arm_preinit_                            - Undefined Weak Reference
    __cpp_initialize__aeabi_                  - Undefined Weak Reference
    __cxa_finalize                            - Undefined Weak Reference
    __rt_locale                               - Undefined Weak Reference
    __sigvec_lookup                           - Undefined Weak Reference
    _atexit_init                              - Undefined Weak Reference
    _call_atexit_fns                          - Undefined Weak Reference
    _clock_init                               - Undefined Weak Reference
    _fp_trap_init                             - Undefined Weak Reference
    _fp_trap_shutdown                         - Undefined Weak Reference
    _get_lc_collate                           - Undefined Weak Reference
    _get_lc_ctype                             - Undefined Weak Reference
    _get_lc_monetary                          - Undefined Weak Reference
    _get_lc_numeric                           - Undefined Weak Reference
    _get_lc_time                              - Undefined Weak Reference
    _getenv_init                              - Undefined Weak Reference
    _handle_redirection                       - Undefined Weak Reference
    _init_alloc                               - Undefined Weak Reference
    _init_user_alloc                          - Undefined Weak Reference
    _initio                                   - Undefined Weak Reference
    _rand_init                                - Undefined Weak Reference
    _signal_finish                            - Undefined Weak Reference
    _signal_init                              - Undefined Weak Reference
    _terminate_alloc                          - Undefined Weak Reference
    _terminate_user_alloc                     - Undefined Weak Reference
    _terminateio                              - Undefined Weak Reference
    __Vectors_Size                           0x000000c0   Number         0  startup_stm32f042.o ABSOLUTE
    __Vectors                                0x08000000   Data           4  startup_stm32f042.o(RESET)
    __Vectors_End                            0x080000c0   Data           0  startup_stm32f042.o(RESET)
    __main                                   0x080000c1   Thumb Code     8  __main.o(!!!main)
    __scatterload                            0x080000c9   Thumb Code     0  __scatter.o(!!!scatter)
    __scatterload_rt2                        0x080000c9   Thumb Code    52  __scatter.o(!!!scatter)
    __scatterload_rt2_thumb_only             0x080000c9   Thumb Code     0  __scatter.o(!!!scatter)
    __scatterload_null                       0x080000d9   Thumb Code     0  __scatter.o(!!!scatter)
    __scatterload_zeroinit                   0x08000105   Thumb Code    28  __scatter_zi.o(!!handler_zi)
    __rt_lib_init                            0x08000121   Thumb Code     0  libinit.o(.ARM.Collect$$libinit$$00000000)
    __rt_lib_init_alloca_1                   0x08000123   Thumb Code     0  libinit2.o(.ARM.Collect$$libinit$$0000002E)
    __rt_lib_init_argv_1                     0x08000123   Thumb Code     0  libinit2.o(.ARM.Collect$$libinit$$0000002C)
    __rt_lib_init_atexit_1                   0x08000123   Thumb Code     0  libinit2.o(.ARM.Collect$$libinit$$0000001B)
    __rt_lib_init_clock_1                    0x08000123   Thumb Code     0  libinit2.o(.ARM.Collect$$libinit$$00000021)
    __rt_lib_init_cpp_1                      0x08000123   Thumb Code     0  libinit2.o(.ARM.Collect$$libinit$$00000032)
    __rt_lib_init_exceptions_1               0x08000123   Thumb Code     0  libinit2.o(.ARM.Collect$$libinit$$00000030)
    __rt_lib_init_fp_1                       0x08000123   Thumb Code     0  libinit2.o(.ARM.Collect$$libinit$$00000002)
    __rt_lib_init_fp_trap_1                  0x08000123   Thumb Code     0  libinit2.o(.ARM.Collect$$libinit$$0000001F)
    __rt_lib_init_getenv_1                   0x08000123   Thumb Code     0  libinit2.o(.ARM.Collect$$libinit$$00000023)
    __rt_lib_init_heap_1                     0x08000123   Thumb Code     0  libinit2.o(.ARM.Collect$$libinit$$0000000A)
    __rt_lib_init_lc_collate_1               0x08000123   Thumb Code     0  libinit2.o(.ARM.Collect$$libinit$$00000011)
    __rt_lib_init_lc_ctype_1                 0x08000123   Thumb Code     0  libinit2.o(.ARM.Collect$$libinit$$00000013)
    __rt_lib_init_lc_monetary_1              0x08000123   Thumb Code     0  libinit2.o(.ARM.Collect$$libinit$$00000015)
    __rt_lib_init_lc_numeric_1               0x08000123   Thumb Code     0  libinit2.o(.ARM.Collect$$libinit$$00000017)
    __rt_lib_init_lc_time_1                  0x08000123   Thumb Code     0  libinit2.o(.ARM.Collect$$libinit$$00000019)
    __rt_lib_init_preinit_1                  0x08000123   Thumb Code     0  libinit2.o(.ARM.Collect$$libinit$$00000004)
    __rt_lib_init_rand_1                     0x08000123   Thumb Code     0  libinit2.o(.ARM.Collect$$libinit$$0000000E)
    __rt_lib_init_return                     0x08000123   Thumb Code     0  libinit2.o(.ARM.Collect$$libinit$$00000033)
    __rt_lib_init_signal_1                   0x08000123   Thumb Code     0  libinit2.o(.ARM.Collect$$libinit$$0000001D)
    __rt_lib_init_stdio_1                    0x08000123   Thumb Code     0  libinit2.o(.ARM.Collect$$libinit$$00000025)
    __rt_lib_init_user_alloc_1               0x08000123   Thumb Code     0  libinit2.o(.ARM.Collect$$libinit$$0000000C)
    __rt_lib_shutdown                        0x08000125   Thumb Code     0  libshutdown.o(.ARM.Collect$$libshutdown$$00000000)
    __rt_lib_shutdown_fp_trap_1              0x08000127   Thumb Code     0  libshutdown2.o(.ARM.Collect$$libshutdown$$00000006)
    __rt_lib_shutdown_heap_1                 0x08000127   Thumb Code     0  libshutdown2.o(.ARM.Collect$$libshutdown$$0000000E)
    __rt_lib_shutdown_return                 0x08000127   Thumb Code     0  libshutdown2.o(.ARM.Collect$$libshutdown$$0000000F)
    __rt_lib_shutdown_signal_1               0x08000127   Thumb Code     0  libshutdown2.o(.ARM.Collect$$libshutdown$$00000009)
    __rt_lib_shutdown_stdio_1                0x08000127   Thumb Code     0  libshutdown2.o(.ARM.Collect$$libshutdown$$00000003)
    __rt_lib_shutdown_user_alloc_1           0x08000127   Thumb Code     0  libshutdown2.o(.ARM.Collect$$libshutdown$$0000000B)
    __rt_entry                               0x08000129   Thumb Code     0  __rtentry.o(.ARM.Collect$$rtentry$$00000000)
    __rt_entry_presh_1                       0x08000129   Thumb Code     0  __rtentry2.o(.ARM.Collect$$rtentry$$00000002)
    __rt_entry_sh                            0x08000129   Thumb Code     0  __rtentry4.o(.ARM.Collect$$rtentry$$00000004)
    __rt_entry_li                            0x0800012f   Thumb Code     0  __rtentry2.o(.ARM.Collect$$rtentry$$0000000A)
    __rt_entry_postsh_1                      0x0800012f   Thumb Code     0  __rtentry2.o(.ARM.Collect$$rtentry$$00000009)
    __rt_entry_main                          0x08000133   Thumb Code     0  __rtentry2.o(.ARM.Collect$$rtentry$$0000000D)
    __rt_entry_postli_1                      0x08000133   Thumb Code     0  __rtentry2.o(.ARM.Collect$$rtentry$$0000000C)
    __rt_exit                                0x0800013b   Thumb Code     0  rtexit.o(.ARM.Collect$$rtexit$$00000000)
    __rt_exit_ls                             0x0800013d   Thumb Code     0  rtexit2.o(.ARM.Collect$$rtexit$$00000003)
    __rt_exit_prels_1                        0x0800013d   Thumb Code     0  rtexit2.o(.ARM.Collect$$rtexit$$00000002)
    __rt_exit_exit                           0x08000141   Thumb Code     0  rtexit2.o(.ARM.Collect$$rtexit$$00000004)
    __aeabi_memcpy4                          0x08000149   Thumb Code    56  rt_memcpy.o(.emb_text)
    __aeabi_memcpy8                          0x08000149   Thumb Code     0  rt_memcpy.o(.emb_text)
    RCC_init                                 0x08000181   Thumb Code    84  main.o(.text)
    main                                     0x080001d5   Thumb Code   104  main.o(.text)
    SysTick_Handler                          0x08000263   Thumb Code    10  drv_system.o(.text)
    micros                                   0x0800026d   Thumb Code    36  drv_system.o(.text)
    millis                                   0x08000291   Thumb Code     6  drv_system.o(.text)
    delayMicroseconds                        0x08000297   Thumb Code    22  drv_system.o(.text)
    delay                                    0x080002ad   Thumb Code    24  drv_system.o(.text)
    systemInit                               0x080002c5   Thumb Code   144  drv_system.o(.text)
    failureMode                              0x08000355   Thumb Code    32  drv_system.o(.text)
    loop_time_clear                          0x08000399   Thumb Code     8  function.o(.text)
    loop_time_measuring                      0x080003a1   Thumb Code    38  function.o(.text)
    Loop_time_Common                         0x080003c7   Thumb Code     2  function.o(.text)
    number_to_2hex                           0x080003c9   Thumb Code    36  function.o(.text)
    check_Sum_to_str                         0x080003ed   Thumb Code    26  function.o(.text)
    itoa                                     0x0800042d   Thumb Code    46  function.o(.text)
    floatToString                            0x0800045b   Thumb Code   396  function.o(.text)
    data_checkSum                            0x080005e7   Thumb Code    24  function.o(.text)
    spiInit                                  0x08000641   Thumb Code   324  drv_spi.o(.text)
    spiTimeoutUserCallback                   0x08000785   Thumb Code    44  drv_spi.o(.text)
    spiTransfer                              0x080007b1   Thumb Code    96  drv_spi.o(.text)
    spiTransferAndRead                       0x08000811   Thumb Code    96  drv_spi.o(.text)
    spiReceive                               0x08000871   Thumb Code    50  drv_spi.o(.text)
    spiGetErrorCounter                       0x080008a3   Thumb Code    16  drv_spi.o(.text)
    SPI_SendByte                             0x080008b3   Thumb Code    94  drv_spi.o(.text)
    cycleTimmerClear                         0x08000921   Thumb Code     8  lcd_display.o(.text)
    title_display_string                     0x08000929   Thumb Code    28  lcd_display.o(.text)
    layout_display_string                    0x08000945   Thumb Code    24  lcd_display.o(.text)
    LCD_update                               0x0800095d   Thumb Code    40  lcd_display.o(.text)
    LCD_Value_Display_set                    0x08000985   Thumb Code  1140  lcd_display.o(.text)
    LCD_Value_Display                        0x08000df9   Thumb Code   158  lcd_display.o(.text)
    LCD_string_Display_set                   0x08000e97   Thumb Code   118  lcd_display.o(.text)
    display_value_zeor_process               0x08000f0d   Thumb Code    86  lcd_display.o(.text)
    ssd1306_draw_point                       0x08000f79   Thumb Code    54  ssd1306.o(.text)
    draw_line                                0x08000faf   Thumb Code   228  ssd1306.o(.text)
    ssd1306_display_on                       0x080010b9   Thumb Code    28  ssd1306.o(.text)
    ssd1306_display_off                      0x080010d5   Thumb Code    28  ssd1306.o(.text)
    ssd1306_refresh_gram                     0x080010f1   Thumb Code    66  ssd1306.o(.text)
    ssd1306_clear_screen                     0x08001133   Thumb Code    66  ssd1306.o(.text)
    ssd1306_fill_screen                      0x08001175   Thumb Code    52  ssd1306.o(.text)
    TFT_CharSmall_System                     0x080011a9   Thumb Code   184  ssd1306.o(.text)
    TFT_CharVerySmall_System                 0x08001261   Thumb Code   164  ssd1306.o(.text)
    TFT_PutCahr                              0x08001305   Thumb Code    32  ssd1306.o(.text)
    TFT_string                               0x08001325   Thumb Code   108  ssd1306.o(.text)
    ssd1306_draw_bitmap                      0x08001391   Thumb Code    86  ssd1306.o(.text)
    ssd1306_init                             0x080013e7   Thumb Code   254  ssd1306.o(.text)
    can_bus_init                             0x08001599   Thumb Code    22  drv_can.o(.text)
    CAN_RXD_Queue_Handller                   0x08001711   Thumb Code    32  drv_can.o(.text)
    Init_RxMes                               0x08001731   Thumb Code    28  drv_can.o(.text)
    CEC_CAN_IRQHandler                       0x0800174d   Thumb Code    38  drv_can.o(.text)
    can_init_queue                           0x0800178d   Thumb Code     8  can_queue.o(.text)
    can_is_empty                             0x08001795   Thumb Code    20  can_queue.o(.text)
    can_queue_is_full                        0x080017a9   Thumb Code    32  can_queue.o(.text)
    CAN_enqueue                              0x080017c9   Thumb Code   134  can_queue.o(.text)
    CAN_dequeue                              0x0800184f   Thumb Code   104  can_queue.o(.text)
    CAN_DeInit                               0x080018b9   Thumb Code    22  stm32f0xx_can.o(.text)
    CAN_Init                                 0x080018cf   Thumb Code   246  stm32f0xx_can.o(.text)
    CAN_FilterInit                           0x080019c5   Thumb Code   180  stm32f0xx_can.o(.text)
    CAN_StructInit                           0x08001a79   Thumb Code    32  stm32f0xx_can.o(.text)
    CAN_SlaveStartBank                       0x08001a99   Thumb Code    36  stm32f0xx_can.o(.text)
    CAN_DBGFreeze                            0x08001abd   Thumb Code    24  stm32f0xx_can.o(.text)
    CAN_TTComModeCmd                         0x08001ad5   Thumb Code    68  stm32f0xx_can.o(.text)
    CAN_Transmit                             0x08001b19   Thumb Code   170  stm32f0xx_can.o(.text)
    CAN_TransmitStatus                       0x08001bc3   Thumb Code   120  stm32f0xx_can.o(.text)
    CAN_CancelTransmit                       0x08001c3b   Thumb Code    46  stm32f0xx_can.o(.text)
    CAN_Receive                              0x08001c69   Thumb Code   160  stm32f0xx_can.o(.text)
    CAN_FIFORelease                          0x08001d09   Thumb Code    22  stm32f0xx_can.o(.text)
    CAN_MessagePending                       0x08001d1f   Thumb Code    28  stm32f0xx_can.o(.text)
    CAN_OperatingModeRequest                 0x08001d3b   Thumb Code   150  stm32f0xx_can.o(.text)
    CAN_Sleep                                0x08001dd1   Thumb Code    30  stm32f0xx_can.o(.text)
    CAN_WakeUp                               0x08001def   Thumb Code    40  stm32f0xx_can.o(.text)
    CAN_GetLastErrorCode                     0x08001e17   Thumb Code    10  stm32f0xx_can.o(.text)
    CAN_GetReceiveErrorCounter               0x08001e21   Thumb Code     6  stm32f0xx_can.o(.text)
    CAN_GetLSBTransmitErrorCounter           0x08001e27   Thumb Code     8  stm32f0xx_can.o(.text)
    CAN_ITConfig                             0x08001e2f   Thumb Code    20  stm32f0xx_can.o(.text)
    CAN_GetFlagStatus                        0x08001e43   Thumb Code    82  stm32f0xx_can.o(.text)
    CAN_ClearFlag                            0x08001e95   Thumb Code    44  stm32f0xx_can.o(.text)
    CAN_GetITStatus                          0x08001ecd   Thumb Code   220  stm32f0xx_can.o(.text)
    CAN_ClearITPendingBit                    0x08001fa9   Thumb Code   148  stm32f0xx_can.o(.text)
    FLASH_SetLatency                         0x08002049   Thumb Code    14  stm32f0xx_flash.o(.text)
    FLASH_PrefetchBufferCmd                  0x08002057   Thumb Code    24  stm32f0xx_flash.o(.text)
    FLASH_GetPrefetchBufferStatus            0x0800206f   Thumb Code    14  stm32f0xx_flash.o(.text)
    FLASH_Unlock                             0x0800207d   Thumb Code    18  stm32f0xx_flash.o(.text)
    FLASH_Lock                               0x0800208f   Thumb Code    12  stm32f0xx_flash.o(.text)
    FLASH_GetStatus                          0x0800209b   Thumb Code    34  stm32f0xx_flash.o(.text)
    FLASH_WaitForLastOperation               0x080020bd   Thumb Code    32  stm32f0xx_flash.o(.text)
    FLASH_ErasePage                          0x080020dd   Thumb Code    52  stm32f0xx_flash.o(.text)
    FLASH_EraseAllPages                      0x08002111   Thumb Code    48  stm32f0xx_flash.o(.text)
    FLASH_ProgramWord                        0x08002141   Thumb Code    82  stm32f0xx_flash.o(.text)
    FLASH_ProgramHalfWord                    0x08002193   Thumb Code    48  stm32f0xx_flash.o(.text)
    FLASH_OB_Unlock                          0x080021c3   Thumb Code    18  stm32f0xx_flash.o(.text)
    FLASH_OB_Lock                            0x080021d5   Thumb Code    12  stm32f0xx_flash.o(.text)
    FLASH_OB_Launch                          0x080021e1   Thumb Code    14  stm32f0xx_flash.o(.text)
    FLASH_OB_GetRDP                          0x080021ef   Thumb Code    16  stm32f0xx_flash.o(.text)
    FLASH_OB_Erase                           0x080021ff   Thumb Code   106  stm32f0xx_flash.o(.text)
    FLASH_OB_EnableWRP                       0x08002269   Thumb Code   130  stm32f0xx_flash.o(.text)
    FLASH_OB_RDPConfig                       0x080022eb   Thumb Code    94  stm32f0xx_flash.o(.text)
    FLASH_OB_UserConfig                      0x08002349   Thumb Code    62  stm32f0xx_flash.o(.text)
    FLASH_OB_BOOTConfig                      0x08002387   Thumb Code    54  stm32f0xx_flash.o(.text)
    FLASH_OB_BOOT0Config                     0x080023bd   Thumb Code    54  stm32f0xx_flash.o(.text)
    FLASH_OB_BOOT0SWConfig                   0x080023f3   Thumb Code    70  stm32f0xx_flash.o(.text)
    FLASH_OB_VDDAConfig                      0x08002439   Thumb Code    54  stm32f0xx_flash.o(.text)
    FLASH_OB_SRAMParityConfig                0x0800246f   Thumb Code    54  stm32f0xx_flash.o(.text)
    FLASH_OB_WriteUser                       0x080024a5   Thumb Code    50  stm32f0xx_flash.o(.text)
    FLASH_OB_ProgramData                     0x080024d7   Thumb Code    50  stm32f0xx_flash.o(.text)
    FLASH_OB_GetUser                         0x08002509   Thumb Code    10  stm32f0xx_flash.o(.text)
    FLASH_OB_GetWRP                          0x08002513   Thumb Code     6  stm32f0xx_flash.o(.text)
    FLASH_ITConfig                           0x08002519   Thumb Code    22  stm32f0xx_flash.o(.text)
    FLASH_GetFlagStatus                      0x0800252f   Thumb Code    16  stm32f0xx_flash.o(.text)
    FLASH_ClearFlag                          0x0800253f   Thumb Code     6  stm32f0xx_flash.o(.text)
    GPIO_DeInit                              0x0800254d   Thumb Code   160  stm32f0xx_gpio.o(.text)
    GPIO_Init                                0x080025ed   Thumb Code   112  stm32f0xx_gpio.o(.text)
    GPIO_StructInit                          0x0800265d   Thumb Code    18  stm32f0xx_gpio.o(.text)
    GPIO_PinLockConfig                       0x0800266f   Thumb Code    28  stm32f0xx_gpio.o(.text)
    GPIO_ReadInputDataBit                    0x0800268b   Thumb Code    14  stm32f0xx_gpio.o(.text)
    GPIO_ReadInputData                       0x08002699   Thumb Code     4  stm32f0xx_gpio.o(.text)
    GPIO_ReadOutputDataBit                   0x0800269d   Thumb Code    14  stm32f0xx_gpio.o(.text)
    GPIO_ReadOutputData                      0x080026ab   Thumb Code     4  stm32f0xx_gpio.o(.text)
    GPIO_SetBits                             0x080026af   Thumb Code     4  stm32f0xx_gpio.o(.text)
    GPIO_ResetBits                           0x080026b3   Thumb Code     4  stm32f0xx_gpio.o(.text)
    GPIO_WriteBit                            0x080026b7   Thumb Code    12  stm32f0xx_gpio.o(.text)
    GPIO_Write                               0x080026c3   Thumb Code     4  stm32f0xx_gpio.o(.text)
    GPIO_PinAFConfig                         0x080026c7   Thumb Code    32  stm32f0xx_gpio.o(.text)
    NVIC_Init                                0x08002701   Thumb Code    72  stm32f0xx_misc.o(.text)
    NVIC_SystemLPConfig                      0x08002749   Thumb Code    22  stm32f0xx_misc.o(.text)
    SysTick_CLKSourceConfig                  0x0800275f   Thumb Code    24  stm32f0xx_misc.o(.text)
    RCC_DeInit                               0x08002789   Thumb Code    76  stm32f0xx_rcc.o(.text)
    RCC_HSEConfig                            0x080027d5   Thumb Code    10  stm32f0xx_rcc.o(.text)
    RCC_GetFlagStatus                        0x080027df   Thumb Code    50  stm32f0xx_rcc.o(.text)
    RCC_WaitForHSEStartUp                    0x08002811   Thumb Code    50  stm32f0xx_rcc.o(.text)
    RCC_AdjustHSICalibrationValue            0x08002843   Thumb Code    16  stm32f0xx_rcc.o(.text)
    RCC_HSICmd                               0x08002853   Thumb Code    26  stm32f0xx_rcc.o(.text)
    RCC_AdjustHSI14CalibrationValue          0x0800286d   Thumb Code    16  stm32f0xx_rcc.o(.text)
    RCC_HSI14Cmd                             0x0800287d   Thumb Code    26  stm32f0xx_rcc.o(.text)
    RCC_HSI14ADCRequestCmd                   0x08002897   Thumb Code    24  stm32f0xx_rcc.o(.text)
    RCC_LSEConfig                            0x080028af   Thumb Code    26  stm32f0xx_rcc.o(.text)
    RCC_LSEDriveConfig                       0x080028c9   Thumb Code    18  stm32f0xx_rcc.o(.text)
    RCC_LSICmd                               0x080028db   Thumb Code    26  stm32f0xx_rcc.o(.text)
    RCC_PLLConfig                            0x080028f5   Thumb Code    24  stm32f0xx_rcc.o(.text)
    RCC_PLLCmd                               0x0800290d   Thumb Code    26  stm32f0xx_rcc.o(.text)
    RCC_HSI48Cmd                             0x08002927   Thumb Code    26  stm32f0xx_rcc.o(.text)
    RCC_PREDIV1Config                        0x08002941   Thumb Code    14  stm32f0xx_rcc.o(.text)
    RCC_ClockSecuritySystemCmd               0x0800294f   Thumb Code    26  stm32f0xx_rcc.o(.text)
    RCC_MCOConfig                            0x08002969   Thumb Code    18  stm32f0xx_rcc.o(.text)
    RCC_SYSCLKConfig                         0x0800297b   Thumb Code    14  stm32f0xx_rcc.o(.text)
    RCC_GetSYSCLKSource                      0x08002989   Thumb Code    10  stm32f0xx_rcc.o(.text)
    RCC_HCLKConfig                           0x08002993   Thumb Code    14  stm32f0xx_rcc.o(.text)
    RCC_PCLKConfig                           0x080029a1   Thumb Code    16  stm32f0xx_rcc.o(.text)
    RCC_ADCCLKConfig                         0x080029b1   Thumb Code    38  stm32f0xx_rcc.o(.text)
    RCC_CECCLKConfig                         0x080029d7   Thumb Code    18  stm32f0xx_rcc.o(.text)
    RCC_I2CCLKConfig                         0x080029e9   Thumb Code    18  stm32f0xx_rcc.o(.text)
    RCC_USARTCLKConfig                       0x080029fb   Thumb Code    52  stm32f0xx_rcc.o(.text)
    RCC_USBCLKConfig                         0x08002a2f   Thumb Code    18  stm32f0xx_rcc.o(.text)
    RCC_GetClocksFreq                        0x08002a41   Thumb Code   416  stm32f0xx_rcc.o(.text)
    RCC_RTCCLKConfig                         0x08002be1   Thumb Code    10  stm32f0xx_rcc.o(.text)
    RCC_RTCCLKCmd                            0x08002beb   Thumb Code    26  stm32f0xx_rcc.o(.text)
    RCC_BackupResetCmd                       0x08002c05   Thumb Code    26  stm32f0xx_rcc.o(.text)
    RCC_AHBPeriphClockCmd                    0x08002c1f   Thumb Code    22  stm32f0xx_rcc.o(.text)
    RCC_APB2PeriphClockCmd                   0x08002c35   Thumb Code    22  stm32f0xx_rcc.o(.text)
    RCC_APB1PeriphClockCmd                   0x08002c4b   Thumb Code    22  stm32f0xx_rcc.o(.text)
    RCC_AHBPeriphResetCmd                    0x08002c61   Thumb Code    22  stm32f0xx_rcc.o(.text)
    RCC_APB2PeriphResetCmd                   0x08002c77   Thumb Code    22  stm32f0xx_rcc.o(.text)
    RCC_APB1PeriphResetCmd                   0x08002c8d   Thumb Code    22  stm32f0xx_rcc.o(.text)
    RCC_ITConfig                             0x08002ca3   Thumb Code    22  stm32f0xx_rcc.o(.text)
    RCC_ClearFlag                            0x08002cb9   Thumb Code    14  stm32f0xx_rcc.o(.text)
    RCC_GetITStatus                          0x08002cc7   Thumb Code    16  stm32f0xx_rcc.o(.text)
    RCC_ClearITPendingBit                    0x08002cd7   Thumb Code     6  stm32f0xx_rcc.o(.text)
    SPI_I2S_DeInit                           0x08002ce5   Thumb Code    54  stm32f0xx_spi.o(.text)
    SPI_StructInit                           0x08002d1b   Thumb Code    28  stm32f0xx_spi.o(.text)
    SPI_Init                                 0x08002d37   Thumb Code    74  stm32f0xx_spi.o(.text)
    I2S_StructInit                           0x08002d81   Thumb Code    18  stm32f0xx_spi.o(.text)
    I2S_Init                                 0x08002d93   Thumb Code   164  stm32f0xx_spi.o(.text)
    SPI_Cmd                                  0x08002e37   Thumb Code    22  stm32f0xx_spi.o(.text)
    SPI_TIModeCmd                            0x08002e4d   Thumb Code    22  stm32f0xx_spi.o(.text)
    I2S_Cmd                                  0x08002e63   Thumb Code    26  stm32f0xx_spi.o(.text)
    SPI_DataSizeConfig                       0x08002e7d   Thumb Code    12  stm32f0xx_spi.o(.text)
    SPI_RxFIFOThresholdConfig                0x08002e89   Thumb Code    16  stm32f0xx_spi.o(.text)
    SPI_BiDirectionalLineConfig              0x08002e99   Thumb Code    26  stm32f0xx_spi.o(.text)
    SPI_NSSInternalSoftwareConfig            0x08002eb3   Thumb Code    26  stm32f0xx_spi.o(.text)
    SPI_SSOutputCmd                          0x08002ecd   Thumb Code    22  stm32f0xx_spi.o(.text)
    SPI_NSSPulseModeCmd                      0x08002ee3   Thumb Code    22  stm32f0xx_spi.o(.text)
    SPI_SendData8                            0x08002ef9   Thumb Code     4  stm32f0xx_spi.o(.text)
    SPI_I2S_SendData16                       0x08002efd   Thumb Code     4  stm32f0xx_spi.o(.text)
    SPI_ReceiveData8                         0x08002f01   Thumb Code     4  stm32f0xx_spi.o(.text)
    SPI_I2S_ReceiveData16                    0x08002f05   Thumb Code     4  stm32f0xx_spi.o(.text)
    SPI_CRCLengthConfig                      0x08002f09   Thumb Code    16  stm32f0xx_spi.o(.text)
    SPI_CalculateCRC                         0x08002f19   Thumb Code    26  stm32f0xx_spi.o(.text)
    SPI_TransmitCRC                          0x08002f33   Thumb Code    12  stm32f0xx_spi.o(.text)
    SPI_GetCRC                               0x08002f3f   Thumb Code    12  stm32f0xx_spi.o(.text)
    SPI_GetCRCPolynomial                     0x08002f4b   Thumb Code     4  stm32f0xx_spi.o(.text)
    SPI_I2S_DMACmd                           0x08002f4f   Thumb Code    20  stm32f0xx_spi.o(.text)
    SPI_LastDMATransferCmd                   0x08002f63   Thumb Code    16  stm32f0xx_spi.o(.text)
    SPI_I2S_ITConfig                         0x08002f73   Thumb Code    28  stm32f0xx_spi.o(.text)
    SPI_GetTransmissionFIFOStatus            0x08002f8f   Thumb Code    10  stm32f0xx_spi.o(.text)
    SPI_GetReceptionFIFOStatus               0x08002f99   Thumb Code    10  stm32f0xx_spi.o(.text)
    SPI_I2S_GetFlagStatus                    0x08002fa3   Thumb Code    14  stm32f0xx_spi.o(.text)
    SPI_I2S_ClearFlag                        0x08002fb1   Thumb Code     6  stm32f0xx_spi.o(.text)
    SPI_I2S_GetITStatus                      0x08002fb7   Thumb Code    42  stm32f0xx_spi.o(.text)
    Reset_Handler                            0x08003009   Thumb Code    38  startup_stm32f042.o(.text)
    NMI_Handler                              0x0800302f   Thumb Code     2  startup_stm32f042.o(.text)
    HardFault_Handler                        0x08003031   Thumb Code     2  startup_stm32f042.o(.text)
    SVC_Handler                              0x08003033   Thumb Code     2  startup_stm32f042.o(.text)
    PendSV_Handler                           0x08003035   Thumb Code     2  startup_stm32f042.o(.text)
    ADC1_IRQHandler                          0x08003039   Thumb Code     0  startup_stm32f042.o(.text)
    DMA1_Channel1_IRQHandler                 0x08003039   Thumb Code     0  startup_stm32f042.o(.text)
    DMA1_Channel2_3_IRQHandler               0x08003039   Thumb Code     0  startup_stm32f042.o(.text)
    DMA1_Channel4_5_IRQHandler               0x08003039   Thumb Code     0  startup_stm32f042.o(.text)
    EXTI0_1_IRQHandler                       0x08003039   Thumb Code     0  startup_stm32f042.o(.text)
    EXTI2_3_IRQHandler                       0x08003039   Thumb Code     0  startup_stm32f042.o(.text)
    EXTI4_15_IRQHandler                      0x08003039   Thumb Code     0  startup_stm32f042.o(.text)
    FLASH_IRQHandler                         0x08003039   Thumb Code     0  startup_stm32f042.o(.text)
    I2C1_IRQHandler                          0x08003039   Thumb Code     0  startup_stm32f042.o(.text)
    PVD_VDDIO2_IRQHandler                    0x08003039   Thumb Code     0  startup_stm32f042.o(.text)
    RCC_CRS_IRQHandler                       0x08003039   Thumb Code     0  startup_stm32f042.o(.text)
    RTC_IRQHandler                           0x08003039   Thumb Code     0  startup_stm32f042.o(.text)
    SPI1_IRQHandler                          0x08003039   Thumb Code     0  startup_stm32f042.o(.text)
    SPI2_IRQHandler                          0x08003039   Thumb Code     0  startup_stm32f042.o(.text)
    TIM14_IRQHandler                         0x08003039   Thumb Code     0  startup_stm32f042.o(.text)
    TIM16_IRQHandler                         0x08003039   Thumb Code     0  startup_stm32f042.o(.text)
    TIM17_IRQHandler                         0x08003039   Thumb Code     0  startup_stm32f042.o(.text)
    TIM1_BRK_UP_TRG_COM_IRQHandler           0x08003039   Thumb Code     0  startup_stm32f042.o(.text)
    TIM1_CC_IRQHandler                       0x08003039   Thumb Code     0  startup_stm32f042.o(.text)
    TIM2_IRQHandler                          0x08003039   Thumb Code     0  startup_stm32f042.o(.text)
    TIM3_IRQHandler                          0x08003039   Thumb Code     0  startup_stm32f042.o(.text)
    TSC_IRQHandler                           0x08003039   Thumb Code     0  startup_stm32f042.o(.text)
    USART1_IRQHandler                        0x08003039   Thumb Code     0  startup_stm32f042.o(.text)
    USART2_IRQHandler                        0x08003039   Thumb Code     0  startup_stm32f042.o(.text)
    USB_IRQHandler                           0x08003039   Thumb Code     0  startup_stm32f042.o(.text)
    WWDG_IRQHandler                          0x08003039   Thumb Code     0  startup_stm32f042.o(.text)
    __user_initial_stackheap                 0x0800303d   Thumb Code     0  startup_stm32f042.o(.text)
    SystemInit                               0x08003111   Thumb Code    78  system_stm32f0xx.o(.text)
    SystemCoreClockUpdate                    0x0800315f   Thumb Code   106  system_stm32f0xx.o(.text)
    __aeabi_llsl                             0x080031e5   Thumb Code    32  llshl.o(.text)
    _ll_shift_l                              0x080031e5   Thumb Code     0  llshl.o(.text)
    __aeabi_llsr                             0x08003205   Thumb Code    34  llushr.o(.text)
    _ll_ushift_r                             0x08003205   Thumb Code     0  llushr.o(.text)
    strcpy                                   0x08003229   Thumb Code    70  strcpy.o(.text)
    strlen                                   0x08003275   Thumb Code    62  strlen.o(.text)
    strcat                                   0x080032b9   Thumb Code    24  strcat.o(.text)
    __aeabi_memset                           0x080032d1   Thumb Code    18  aeabi_memset.o(.text)
    _memset_w                                0x080032e3   Thumb Code    26  rt_memclr.o(.text)
    _memset                                  0x080032fd   Thumb Code    30  rt_memclr.o(.text)
    __aeabi_memclr                           0x0800331b   Thumb Code     4  rt_memclr.o(.text)
    __rt_memclr                              0x0800331b   Thumb Code     0  rt_memclr.o(.text)
    __aeabi_memclr4                          0x0800331f   Thumb Code     0  rt_memclr.o(.text)
    __aeabi_memclr8                          0x0800331f   Thumb Code     0  rt_memclr.o(.text)
    __rt_memclr_w                            0x0800331f   Thumb Code     4  rt_memclr.o(.text)
    strncpy                                  0x08003325   Thumb Code   104  strncpy.o(.text)
    __aeabi_uidiv                            0x08003391   Thumb Code     0  aeabi_sdiv.o(.text)
    __aeabi_uidivmod                         0x08003391   Thumb Code    20  aeabi_sdiv.o(.text)
    __aeabi_idiv                             0x080033a5   Thumb Code     0  aeabi_sdiv.o(.text)
    __aeabi_idivmod                          0x080033a5   Thumb Code   326  aeabi_sdiv.o(.text)
    __use_two_region_memory                  0x080034eb   Thumb Code     2  heapauxi.o(.text)
    __rt_heap_escrow$2region                 0x080034ed   Thumb Code     2  heapauxi.o(.text)
    __rt_heap_expand$2region                 0x080034ef   Thumb Code     2  heapauxi.o(.text)
    __aeabi_d2f                              0x080034f1   Thumb Code     0  d2f.o(.text)
    _d2f                                     0x080034f1   Thumb Code   120  d2f.o(.text)
    __aeabi_dadd                             0x08003865   Thumb Code     0  daddsub.o(.text)
    _dadd                                    0x08003865   Thumb Code    26  daddsub.o(.text)
    __aeabi_dsub                             0x0800387f   Thumb Code     0  daddsub.o(.text)
    _dsub                                    0x0800387f   Thumb Code    22  daddsub.o(.text)
    __aeabi_drsub                            0x08003895   Thumb Code     0  daddsub.o(.text)
    _drsb                                    0x08003895   Thumb Code    28  daddsub.o(.text)
    __aeabi_ddiv                             0x080038c5   Thumb Code     0  ddiv.o(.text)
    _ddiv                                    0x080038c5   Thumb Code  1072  ddiv.o(.text)
    _drdiv                                   0x08003cf5   Thumb Code    20  ddiv.o(.text)
    __aeabi_d2iz                             0x08003d0d   Thumb Code     0  dfixi.o(.text)
    _dfix                                    0x08003d0d   Thumb Code    98  dfixi.o(.text)
    __aeabi_d2uiz                            0x08003d79   Thumb Code     0  dfixui.o(.text)
    _dfixu                                   0x08003d79   Thumb Code    68  dfixui.o(.text)
    __aeabi_i2d_normalise                    0x08003dc1   Thumb Code    66  dflti.o(.text)
    __aeabi_i2d                              0x08003e03   Thumb Code    16  dflti.o(.text)
    _dflt                                    0x08003e03   Thumb Code     0  dflti.o(.text)
    __aeabi_ui2d                             0x08003e13   Thumb Code     6  dflti.o(.text)
    _dfltu                                   0x08003e13   Thumb Code     0  dflti.o(.text)
    __aeabi_dmul                             0x08003e19   Thumb Code     0  dmul.o(.text)
    _dmul                                    0x08003e19   Thumb Code   558  dmul.o(.text)
    __aeabi_f2d                              0x08004061   Thumb Code     0  f2d.o(.text)
    _f2d                                     0x08004061   Thumb Code    80  f2d.o(.text)
    __aeabi_f2uiz                            0x080040b5   Thumb Code     0  ffixui.o(.text)
    _ffixu                                   0x080040b5   Thumb Code    48  ffixui.o(.text)
    __aeabi_i2f_normalise                    0x080040e5   Thumb Code    72  fflti.o(.text)
    __aeabi_i2f                              0x0800412d   Thumb Code    16  fflti.o(.text)
    _fflt                                    0x0800412d   Thumb Code     0  fflti.o(.text)
    __aeabi_ui2f                             0x0800413d   Thumb Code     6  fflti.o(.text)
    _ffltu                                   0x0800413d   Thumb Code     0  fflti.o(.text)
    __fpl_dcmp_InfNaN                        0x08004145   Thumb Code   140  dcmpin.o(.text)
    __fpl_cmpreturn                          0x080041d5   Thumb Code    44  cmpret.o(.text)
    __fpl_dcheck_NaN2                        0x08004205   Thumb Code    14  dnan2.o(.text)
    __user_setup_stackheap                   0x08004219   Thumb Code    62  sys_stackheap_outer.o(.text)
    exit                                     0x08004257   Thumb Code    12  exit.o(.text)
    __fpl_return_NaN                         0x08004263   Thumb Code    94  retnan.o(.text)
    __user_libspace                          0x080042c1   Thumb Code     8  libspace.o(.text)
    __user_perproc_libspace                  0x080042c1   Thumb Code     0  libspace.o(.text)
    __user_perthread_libspace                0x080042c1   Thumb Code     0  libspace.o(.text)
    _sys_exit                                0x080042c9   Thumb Code     8  sys_exit.o(.text)
    __I$use$semihosting                      0x080042d5   Thumb Code     0  use_no_semi.o(.text)
    __use_no_semihosting_swi                 0x080042d5   Thumb Code     2  use_no_semi.o(.text)
    __decompress                             0x080042d7   Thumb Code     0  __dczerorl2.o(.text)
    __decompress1                            0x080042d7   Thumb Code    86  __dczerorl2.o(.text)
    __semihosting_library_function           0x080042d7   Thumb Code     0  indicate_semi.o(.text)
    __ARM_common_switch8                     0x0800432d   Thumb Code    26  lcd_display.o(i.__ARM_common_switch8)
    __aeabi_cdcmple                          0x08004349   Thumb Code     0  dlef.o(x$fpl$dleqf)
    _dcmple                                  0x08004349   Thumb Code    94  dlef.o(x$fpl$dleqf)
    __aeabi_cdrcmple                         0x080043ad   Thumb Code     0  drlef.o(x$fpl$drleqf)
    _drcmple                                 0x080043ad   Thumb Code   100  drlef.o(x$fpl$drleqf)
    __aeabi_fadd                             0x08004415   Thumb Code     0  faddsub.o(x$fpl$fadd)
    _fadd                                    0x08004415   Thumb Code   134  faddsub.o(x$fpl$fadd)
    __aeabi_fmul                             0x080044a1   Thumb Code     0  fmul.o(x$fpl$fmul)
    _fmul                                    0x080044a1   Thumb Code   172  fmul.o(x$fpl$fmul)
    __aeabi_frsub                            0x08004551   Thumb Code     0  faddsub.o(x$fpl$frsb)
    _frsb                                    0x08004551   Thumb Code    24  faddsub.o(x$fpl$frsb)
    __aeabi_fsub                             0x08004569   Thumb Code     0  faddsub.o(x$fpl$fsub)
    _fsub                                    0x08004569   Thumb Code   204  faddsub.o(x$fpl$fsub)
    __I$use$fp                               0x08004638   Number         0  usenofp.o(x$fpl$usenofp)
    MS_Godic_VerySmall                       0x08004674   Data        1372  fonts.o(.constdata)
    c_chFont1206                             0x08004bd0   Data        1164  fonts.o(.constdata)
    Region$$Table$$Base                      0x0800510c   Number         0  anon$$obj.o(Region$$Table)
    Region$$Table$$Limit                     0x0800512c   Number         0  anon$$obj.o(Region$$Table)
    lcd_lay_out_display                      0x20000038   Data         160  lcd_display.o(.data)
    lcd_Disp_set                             0x200000d8   Data         156  lcd_display.o(.data)
    can_rxd_list                             0x20000178   Data          40  drv_can.o(.data)
    SystemCoreClock                          0x200001b0   Data           4  system_stm32f0xx.o(.data)
    AHBPrescTable                            0x200001b4   Data          16  system_stm32f0xx.o(.data)
    sys                                      0x200001c4   Data          44  config.o(.bss)
    font_set                                 0x20000544   Data          16  lcd_display.o(.bss)
    disp_page                                0x20000554   Data          20  lcd_display.o(.bss)
    RxMessage                                0x20000968   Data          20  drv_can.o(.bss)
    rxd_data                                 0x2000097c   Data          32  drv_can.o(.bss)
    CAN_rxd_queue                            0x2000099c   Data         204  can_queue.o(.bss)
    __libspace_start                         0x20000a68   Data          96  libspace.o(.bss)
    __temporary_stack_top$libspace           0x20000ac8   Data           0  libspace.o(.bss)



==============================================================================

Memory Map of the image

  Image Entry point : 0x08003009

  Load Region LR_1 (Base: 0x08000000, Size: 0x000052f0, Max: 0xffffffff, ABSOLUTE, COMPRESSED[0x000051b8])

    Execution Region ER_RO (Base: 0x08000000, Size: 0x0000512c, Max: 0xffffffff, ABSOLUTE)

    Base Addr    Size         Type   Attr      Idx    E Section Name        Object

    0x08000000   0x000000c0   Data   RO          876    RESET               startup_stm32f042.o
    0x080000c0   0x00000008   Code   RO          935  * !!!main             c_p.l(__main.o)
    0x080000c8   0x0000003c   Code   RO         1147    !!!scatter          c_p.l(__scatter.o)
    0x08000104   0x0000001c   Code   RO         1149    !!handler_zi        c_p.l(__scatter_zi.o)
    0x08000120   0x00000002   Code   RO         1013    .ARM.Collect$$libinit$$00000000  c_p.l(libinit.o)
    0x08000122   0x00000000   Code   RO         1029    .ARM.Collect$$libinit$$00000002  c_p.l(libinit2.o)
    0x08000122   0x00000000   Code   RO         1031    .ARM.Collect$$libinit$$00000004  c_p.l(libinit2.o)
    0x08000122   0x00000000   Code   RO         1034    .ARM.Collect$$libinit$$0000000A  c_p.l(libinit2.o)
    0x08000122   0x00000000   Code   RO         1036    .ARM.Collect$$libinit$$0000000C  c_p.l(libinit2.o)
    0x08000122   0x00000000   Code   RO         1038    .ARM.Collect$$libinit$$0000000E  c_p.l(libinit2.o)
    0x08000122   0x00000000   Code   RO         1041    .ARM.Collect$$libinit$$00000011  c_p.l(libinit2.o)
    0x08000122   0x00000000   Code   RO         1043    .ARM.Collect$$libinit$$00000013  c_p.l(libinit2.o)
    0x08000122   0x00000000   Code   RO         1045    .ARM.Collect$$libinit$$00000015  c_p.l(libinit2.o)
    0x08000122   0x00000000   Code   RO         1047    .ARM.Collect$$libinit$$00000017  c_p.l(libinit2.o)
    0x08000122   0x00000000   Code   RO         1049    .ARM.Collect$$libinit$$00000019  c_p.l(libinit2.o)
    0x08000122   0x00000000   Code   RO         1051    .ARM.Collect$$libinit$$0000001B  c_p.l(libinit2.o)
    0x08000122   0x00000000   Code   RO         1053    .ARM.Collect$$libinit$$0000001D  c_p.l(libinit2.o)
    0x08000122   0x00000000   Code   RO         1055    .ARM.Collect$$libinit$$0000001F  c_p.l(libinit2.o)
    0x08000122   0x00000000   Code   RO         1057    .ARM.Collect$$libinit$$00000021  c_p.l(libinit2.o)
    0x08000122   0x00000000   Code   RO         1059    .ARM.Collect$$libinit$$00000023  c_p.l(libinit2.o)
    0x08000122   0x00000000   Code   RO         1061    .ARM.Collect$$libinit$$00000025  c_p.l(libinit2.o)
    0x08000122   0x00000000   Code   RO         1065    .ARM.Collect$$libinit$$0000002C  c_p.l(libinit2.o)
    0x08000122   0x00000000   Code   RO         1067    .ARM.Collect$$libinit$$0000002E  c_p.l(libinit2.o)
    0x08000122   0x00000000   Code   RO         1069    .ARM.Collect$$libinit$$00000030  c_p.l(libinit2.o)
    0x08000122   0x00000000   Code   RO         1071    .ARM.Collect$$libinit$$00000032  c_p.l(libinit2.o)
    0x08000122   0x00000002   Code   RO         1072    .ARM.Collect$$libinit$$00000033  c_p.l(libinit2.o)
    0x08000124   0x00000002   Code   RO         1103    .ARM.Collect$$libshutdown$$00000000  c_p.l(libshutdown.o)
    0x08000126   0x00000000   Code   RO         1130    .ARM.Collect$$libshutdown$$00000003  c_p.l(libshutdown2.o)
    0x08000126   0x00000000   Code   RO         1133    .ARM.Collect$$libshutdown$$00000006  c_p.l(libshutdown2.o)
    0x08000126   0x00000000   Code   RO         1136    .ARM.Collect$$libshutdown$$00000009  c_p.l(libshutdown2.o)
    0x08000126   0x00000000   Code   RO         1138    .ARM.Collect$$libshutdown$$0000000B  c_p.l(libshutdown2.o)
    0x08000126   0x00000000   Code   RO         1141    .ARM.Collect$$libshutdown$$0000000E  c_p.l(libshutdown2.o)
    0x08000126   0x00000002   Code   RO         1142    .ARM.Collect$$libshutdown$$0000000F  c_p.l(libshutdown2.o)
    0x08000128   0x00000000   Code   RO          970    .ARM.Collect$$rtentry$$00000000  c_p.l(__rtentry.o)
    0x08000128   0x00000000   Code   RO          979    .ARM.Collect$$rtentry$$00000002  c_p.l(__rtentry2.o)
    0x08000128   0x00000006   Code   RO          991    .ARM.Collect$$rtentry$$00000004  c_p.l(__rtentry4.o)
    0x0800012e   0x00000000   Code   RO          981    .ARM.Collect$$rtentry$$00000009  c_p.l(__rtentry2.o)
    0x0800012e   0x00000004   Code   RO          982    .ARM.Collect$$rtentry$$0000000A  c_p.l(__rtentry2.o)
    0x08000132   0x00000000   Code   RO          984    .ARM.Collect$$rtentry$$0000000C  c_p.l(__rtentry2.o)
    0x08000132   0x00000008   Code   RO          985    .ARM.Collect$$rtentry$$0000000D  c_p.l(__rtentry2.o)
    0x0800013a   0x00000002   Code   RO         1020    .ARM.Collect$$rtexit$$00000000  c_p.l(rtexit.o)
    0x0800013c   0x00000000   Code   RO         1076    .ARM.Collect$$rtexit$$00000002  c_p.l(rtexit2.o)
    0x0800013c   0x00000004   Code   RO         1077    .ARM.Collect$$rtexit$$00000003  c_p.l(rtexit2.o)
    0x08000140   0x00000006   Code   RO         1078    .ARM.Collect$$rtexit$$00000004  c_p.l(rtexit2.o)
    0x08000146   0x00000002   PAD
    0x08000148   0x00000038   Code   RO          919    .emb_text           c_p.l(rt_memcpy.o)
    0x08000180   0x000000c8   Code   RO            3    .text               main.o
    0x08000248   0x00000150   Code   RO          165    .text               drv_system.o
    0x08000398   0x000002a8   Code   RO          211    .text               function.o
    0x08000640   0x000002e0   Code   RO          232    .text               drv_spi.o
    0x08000920   0x00000658   Code   RO          300    .text               lcd_display.o
    0x08000f78   0x00000574   Code   RO          331    .text               ssd1306.o
    0x080014ec   0x000002a0   Code   RO          353    .text               drv_can.o
    0x0800178c   0x0000012a   Code   RO          387    .text               can_queue.o
    0x080018b6   0x00000002   PAD
    0x080018b8   0x00000790   Code   RO          434    .text               stm32f0xx_can.o
    0x08002048   0x00000504   Code   RO          614    .text               stm32f0xx_flash.o
    0x0800254c   0x000001b4   Code   RO          634    .text               stm32f0xx_gpio.o
    0x08002700   0x00000088   Code   RO          694    .text               stm32f0xx_misc.o
    0x08002788   0x0000055c   Code   RO          734    .text               stm32f0xx_rcc.o
    0x08002ce4   0x00000324   Code   RO          776    .text               stm32f0xx_spi.o
    0x08003008   0x00000074   Code   RO          877  * .text               startup_stm32f042.o
    0x0800307c   0x00000168   Code   RO          883    .text               system_stm32f0xx.o
    0x080031e4   0x00000020   Code   RO          909    .text               c_p.l(llshl.o)
    0x08003204   0x00000022   Code   RO          911    .text               c_p.l(llushr.o)
    0x08003226   0x00000002   PAD
    0x08003228   0x0000004c   Code   RO          913    .text               c_p.l(strcpy.o)
    0x08003274   0x00000044   Code   RO          915    .text               c_p.l(strlen.o)
    0x080032b8   0x00000018   Code   RO          917    .text               c_p.l(strcat.o)
    0x080032d0   0x00000012   Code   RO          923    .text               c_p.l(aeabi_memset.o)
    0x080032e2   0x00000040   Code   RO          925    .text               c_p.l(rt_memclr.o)
    0x08003322   0x00000002   PAD
    0x08003324   0x0000006c   Code   RO          927    .text               c_p.l(strncpy.o)
    0x08003390   0x0000015a   Code   RO          929    .text               c_p.l(aeabi_sdiv.o)
    0x080034ea   0x00000006   Code   RO          933    .text               c_p.l(heapauxi.o)
    0x080034f0   0x0000007c   Code   RO          937    .text               fz_ps.l(d2f.o)
    0x0800356c   0x00000358   Code   RO          939    .text               fz_ps.l(daddsub.o)
    0x080038c4   0x00000448   Code   RO          941    .text               fz_ps.l(ddiv.o)
    0x08003d0c   0x0000006c   Code   RO          944    .text               fz_ps.l(dfixi.o)
    0x08003d78   0x00000048   Code   RO          946    .text               fz_ps.l(dfixui.o)
    0x08003dc0   0x00000058   Code   RO          948    .text               fz_ps.l(dflti.o)
    0x08003e18   0x00000248   Code   RO          952    .text               fz_ps.l(dmul.o)
    0x08004060   0x00000054   Code   RO          956    .text               fz_ps.l(f2d.o)
    0x080040b4   0x00000030   Code   RO          964    .text               fz_ps.l(ffixui.o)
    0x080040e4   0x0000005e   Code   RO          966    .text               fz_ps.l(fflti.o)
    0x08004142   0x00000002   PAD
    0x08004144   0x00000090   Code   RO          975    .text               fz_ps.l(dcmpin.o)
    0x080041d4   0x00000030   Code   RO          995    .text               fz_ps.l(cmpret.o)
    0x08004204   0x00000014   Code   RO          997    .text               fz_ps.l(dnan2.o)
    0x08004218   0x0000003e   Code   RO          999    .text               c_p.l(sys_stackheap_outer.o)
    0x08004256   0x0000000c   Code   RO         1002    .text               c_p.l(exit.o)
    0x08004262   0x0000005e   Code   RO         1014    .text               fz_ps.l(retnan.o)
    0x080042c0   0x00000008   Code   RO         1016    .text               c_p.l(libspace.o)
    0x080042c8   0x0000000c   Code   RO         1073    .text               c_p.l(sys_exit.o)
    0x080042d4   0x00000002   Code   RO         1092    .text               c_p.l(use_no_semi.o)
    0x080042d6   0x00000000   Code   RO         1094    .text               c_p.l(indicate_semi.o)
    0x080042d6   0x00000056   Code   RO         1145    .text               c_p.l(__dczerorl2.o)
    0x0800432c   0x0000001a   Code   RO          320    i.__ARM_common_switch8  lcd_display.o
    0x08004346   0x00000002   PAD
    0x08004348   0x00000064   Code   RO          950    x$fpl$dleqf         fz_ps.l(dlef.o)
    0x080043ac   0x00000068   Code   RO          954    x$fpl$drleqf        fz_ps.l(drlef.o)
    0x08004414   0x0000008c   Code   RO          958    x$fpl$fadd          fz_ps.l(faddsub.o)
    0x080044a0   0x000000b0   Code   RO          968    x$fpl$fmul          fz_ps.l(fmul.o)
    0x08004550   0x00000018   Code   RO          959    x$fpl$frsb          fz_ps.l(faddsub.o)
    0x08004568   0x000000d0   Code   RO          960    x$fpl$fsub          fz_ps.l(faddsub.o)
    0x08004638   0x00000000   Code   RO          977    x$fpl$usenofp       fz_ps.l(usenofp.o)
    0x08004638   0x0000003c   Data   RO          166    .constdata          drv_system.o
    0x08004674   0x0000055c   Data   RO          255    .constdata          fonts.o
    0x08004bd0   0x0000048c   Data   RO          256    .constdata          fonts.o
    0x0800505c   0x00000080   Data   RO          942    .constdata          fz_ps.l(ddiv.o)
    0x080050dc   0x0000002f   Data   RO          302    .conststring        lcd_display.o
    0x0800510b   0x00000001   PAD
    0x0800510c   0x00000020   Data   RO         1143    Region$$Table       anon$$obj.o


    Execution Region ER_RW (Base: 0x20000000, Size: 0x000001c4, Max: 0xffffffff, ABSOLUTE, COMPRESSED[0x0000008c])

    Base Addr    Size         Type   Attr      Idx    E Section Name        Object

    0x20000000   0x0000000c   Data   RW            4    .data               main.o
    0x2000000c   0x00000008   Data   RW          167    .data               drv_system.o
    0x20000014   0x00000004   Data   RW          212    .data               function.o
    0x20000018   0x00000006   Data   RW          233    .data               drv_spi.o
    0x2000001e   0x00000002   PAD
    0x20000020   0x00000154   Data   RW          303    .data               lcd_display.o
    0x20000174   0x00000004   PAD
    0x20000178   0x00000028   Data   RW          357    .data               drv_can.o
    0x200001a0   0x00000010   Data   RW          735    .data               stm32f0xx_rcc.o
    0x200001b0   0x00000014   Data   RW          884    .data               system_stm32f0xx.o


    Execution Region ER_ZI (Base: 0x200001c4, Size: 0x00000f04, Max: 0xffffffff, ABSOLUTE)

    Base Addr    Size         Type   Attr      Idx    E Section Name        Object

    0x200001c4   0x0000002c   Zero   RW          191    .bss                config.o
    0x200001f0   0x00000378   Zero   RW          301    .bss                lcd_display.o
    0x20000568   0x00000400   Zero   RW          332    .bss                ssd1306.o
    0x20000968   0x00000014   Zero   RW          354    .bss                drv_can.o
    0x2000097c   0x00000020   Zero   RW          355    .bss                drv_can.o
    0x2000099c   0x000000cc   Zero   RW          388    .bss                can_queue.o
    0x20000a68   0x00000060   Zero   RW         1017    .bss                c_p.l(libspace.o)
    0x20000ac8   0x00000200   Zero   RW          875    HEAP                startup_stm32f042.o
    0x20000cc8   0x00000400   Zero   RW          874    STACK               startup_stm32f042.o


==============================================================================

Image component sizes


      Code (inc. data)   RO Data    RW Data    ZI Data      Debug   Object Name

       298          0          0          0        204       2448   can_queue.o
         0          0          0          0         44       1197   config.o
       672         36          0         40         52       4469   drv_can.o
       736         16          0          6          0       3919   drv_spi.o
       336         36         60          8          0       8755   drv_system.o
         0          0       2536          0          0        887   fonts.o
       680         66          0          4          0       3512   function.o
      1650         52         47        340        888       6756   lcd_display.o
       200         12          0         12          0     205246   main.o
      1396         34          0          0       1024       6510   ssd1306.o
       116         56        192          0       1536        652   startup_stm32f042.o
      1936         48          0          0          0       9620   stm32f0xx_can.o
      1284         24          0          0          0       8473   stm32f0xx_flash.o
       436         26          0          0          0       3909   stm32f0xx_gpio.o
       136         18          0          0          0       1484   stm32f0xx_misc.o
      1372         50          0         16          0       9708   stm32f0xx_rcc.o
       804         40          0          0          0       8151   stm32f0xx_spi.o
       360         28          0         20          0       1739   system_stm32f0xx.o

    ----------------------------------------------------------------------
     12416        542       2868        452       3748     287435   Object Totals
         0          0         32          0          0          0   (incl. Generated)
         4          0          1          6          0          0   (incl. Padding)

    ----------------------------------------------------------------------

      Code (inc. data)   RO Data    RW Data    ZI Data      Debug   Library Member Name

        86          0          0          0          0          0   __dczerorl2.o
         8          0          0          0          0         68   __main.o
         0          0          0          0          0          0   __rtentry.o
        12          0          0          0          0          0   __rtentry2.o
         6          0          0          0          0          0   __rtentry4.o
        60          8          0          0          0          0   __scatter.o
        28          0          0          0          0          0   __scatter_zi.o
        18          0          0          0          0         68   aeabi_memset.o
       346          0          0          0          0         92   aeabi_sdiv.o
        12          0          0          0          0         64   exit.o
         6          0          0          0          0        136   heapauxi.o
         0          0          0          0          0          0   indicate_semi.o
         2          0          0          0          0          0   libinit.o
         2          0          0          0          0          0   libinit2.o
         2          0          0          0          0          0   libshutdown.o
         2          0          0          0          0          0   libshutdown2.o
         8          4          0          0         96         68   libspace.o
        32          0          0          0          0         68   llshl.o
        34          0          0          0          0         68   llushr.o
        64          0          0          0          0        108   rt_memclr.o
        56          0          0          0          0         68   rt_memcpy.o
         2          0          0          0          0          0   rtexit.o
        10          0          0          0          0          0   rtexit2.o
        24          0          0          0          0         60   strcat.o
        76          6          0          0          0         72   strcpy.o
        68          6          0          0          0         72   strlen.o
       108          4          0          0          0         76   strncpy.o
        12          4          0          0          0         60   sys_exit.o
        62          0          0          0          0         80   sys_stackheap_outer.o
         2          0          0          0          0         68   use_no_semi.o
        48          4          0          0          0         60   cmpret.o
       124          4          0          0          0         72   d2f.o
       856         20          0          0          0        208   daddsub.o
       144          4          0          0          0         76   dcmpin.o
      1096         26        128          0          0        112   ddiv.o
       108         10          0          0          0         72   dfixi.o
        72          4          0          0          0         68   dfixui.o
        88          0          0          0          0         92   dflti.o
       100          4          0          0          0         92   dlef.o
       584         26          0          0          0         84   dmul.o
        20          6          0          0          0         68   dnan2.o
       104          4          0          0          0        104   drlef.o
        84          4          0          0          0         60   f2d.o
       372          8          0          0          0        240   faddsub.o
        48          0          0          0          0         60   ffixui.o
        94          0          0          0          0         92   fflti.o
       176          4          0          0          0         80   fmul.o
        94          0          0          0          0         68   retnan.o
         0          0          0          0          0          0   usenofp.o

    ----------------------------------------------------------------------
      5368        160        128          0         96       3004   Library Totals
         8          0          0          0          0          0   (incl. Padding)

    ----------------------------------------------------------------------

      Code (inc. data)   RO Data    RW Data    ZI Data      Debug   Library Name

      1148         32          0          0         96       1296   c_p.l
      4212        128        128          0          0       1708   fz_ps.l

    ----------------------------------------------------------------------
      5368        160        128          0         96       3004   Library Totals

    ----------------------------------------------------------------------

==============================================================================


      Code (inc. data)   RO Data    RW Data    ZI Data      Debug   

     17784        702       2996        452       3844     287295   Grand Totals
     17784        702       2996        140       3844     287295   ELF Image Totals (compressed)
     17784        702       2996        140          0          0   ROM Totals

==============================================================================

    Total RO  Size (Code + RO Data)                20780 (  20.29kB)
    Total RW  Size (RW Data + ZI Data)              4296 (   4.20kB)
    Total ROM Size (Code + RO Data + RW Data)      20920 (  20.43kB)

==============================================================================

